Archive member included to satisfy reference by file (symbol)

c:/program files (x86)/gnu tools arm embedded/6 2017-q2-update/bin/../lib/gcc/arm-none-eabi/6.3.1/../../../../arm-none-eabi/lib/thumb/v7e-m/fpv4-sp/hard\libc_nano.a(lib_a-exit.o)
                              c:/program files (x86)/gnu tools arm embedded/6 2017-q2-update/bin/../lib/gcc/arm-none-eabi/6.3.1/../../../../arm-none-eabi/lib/thumb/v7e-m/fpv4-sp/hard/crt0.o (exit)
c:/program files (x86)/gnu tools arm embedded/6 2017-q2-update/bin/../lib/gcc/arm-none-eabi/6.3.1/../../../../arm-none-eabi/lib/thumb/v7e-m/fpv4-sp/hard\libc_nano.a(lib_a-impure.o)
                              c:/program files (x86)/gnu tools arm embedded/6 2017-q2-update/bin/../lib/gcc/arm-none-eabi/6.3.1/../../../../arm-none-eabi/lib/thumb/v7e-m/fpv4-sp/hard\libc_nano.a(lib_a-exit.o) (_global_impure_ptr)
c:/program files (x86)/gnu tools arm embedded/6 2017-q2-update/bin/../lib/gcc/arm-none-eabi/6.3.1/../../../../arm-none-eabi/lib/thumb/v7e-m/fpv4-sp/hard\libc_nano.a(lib_a-init.o)
                              c:/program files (x86)/gnu tools arm embedded/6 2017-q2-update/bin/../lib/gcc/arm-none-eabi/6.3.1/../../../../arm-none-eabi/lib/thumb/v7e-m/fpv4-sp/hard/crt0.o (__libc_init_array)
c:/program files (x86)/gnu tools arm embedded/6 2017-q2-update/bin/../lib/gcc/arm-none-eabi/6.3.1/../../../../arm-none-eabi/lib/thumb/v7e-m/fpv4-sp/hard\libc_nano.a(lib_a-memset.o)
                              c:/program files (x86)/gnu tools arm embedded/6 2017-q2-update/bin/../lib/gcc/arm-none-eabi/6.3.1/../../../../arm-none-eabi/lib/thumb/v7e-m/fpv4-sp/hard/crt0.o (memset)
c:/program files (x86)/gnu tools arm embedded/6 2017-q2-update/bin/../lib/gcc/arm-none-eabi/6.3.1/../../../../arm-none-eabi/lib/thumb/v7e-m/fpv4-sp/hard\libnosys.a(_exit.o)
                              c:/program files (x86)/gnu tools arm embedded/6 2017-q2-update/bin/../lib/gcc/arm-none-eabi/6.3.1/../../../../arm-none-eabi/lib/thumb/v7e-m/fpv4-sp/hard\libc_nano.a(lib_a-exit.o) (_exit)
c:/program files (x86)/gnu tools arm embedded/6 2017-q2-update/bin/../lib/gcc/arm-none-eabi/6.3.1/thumb/v7e-m/fpv4-sp/hard\libgcc.a(_arm_addsubdf3.o)
                              build/bq27421.o (__aeabi_dsub)
c:/program files (x86)/gnu tools arm embedded/6 2017-q2-update/bin/../lib/gcc/arm-none-eabi/6.3.1/thumb/v7e-m/fpv4-sp/hard\libgcc.a(_arm_muldivdf3.o)
                              build/bq27421.o (__aeabi_dmul)
c:/program files (x86)/gnu tools arm embedded/6 2017-q2-update/bin/../lib/gcc/arm-none-eabi/6.3.1/thumb/v7e-m/fpv4-sp/hard\libgcc.a(_arm_fixunsdfsi.o)
                              build/bq27421.o (__aeabi_d2uiz)
c:/program files (x86)/gnu tools arm embedded/6 2017-q2-update/bin/../lib/gcc/arm-none-eabi/6.3.1/thumb/v7e-m/fpv4-sp/hard\libgcc.a(_aeabi_uldivmod.o)
                              build/stm32f4xx_hal_rcc.o (__aeabi_uldivmod)
c:/program files (x86)/gnu tools arm embedded/6 2017-q2-update/bin/../lib/gcc/arm-none-eabi/6.3.1/thumb/v7e-m/fpv4-sp/hard\libgcc.a(_udivmoddi4.o)
                              c:/program files (x86)/gnu tools arm embedded/6 2017-q2-update/bin/../lib/gcc/arm-none-eabi/6.3.1/thumb/v7e-m/fpv4-sp/hard\libgcc.a(_aeabi_uldivmod.o) (__udivmoddi4)
c:/program files (x86)/gnu tools arm embedded/6 2017-q2-update/bin/../lib/gcc/arm-none-eabi/6.3.1/thumb/v7e-m/fpv4-sp/hard\libgcc.a(_dvmd_tls.o)
                              c:/program files (x86)/gnu tools arm embedded/6 2017-q2-update/bin/../lib/gcc/arm-none-eabi/6.3.1/thumb/v7e-m/fpv4-sp/hard\libgcc.a(_aeabi_uldivmod.o) (__aeabi_ldiv0)

Allocating common symbols
Common symbol       size              file

retSD               0x1               build/fatfs.o
hi2c2               0x54              build/i2c.o
_rSense_mOhm        0x2               build/main.o
uwTick              0x4               build/stm32f4xx_hal.o
pFlash              0x20              build/stm32f4xx_hal_flash.o
SDPath              0x4               build/fatfs.o
hrtc                0x20              build/rtc.o
htim6               0x3c              build/tim.o
hsd                 0x84              build/sdio.o
huart4              0x40              build/usart.o
SDFile              0x230             build/fatfs.o
htim7               0x3c              build/tim.o
SDFatFS             0x230             build/fatfs.o

Discarded input sections

 .text          0x00000000        0x0 c:/program files (x86)/gnu tools arm embedded/6 2017-q2-update/bin/../lib/gcc/arm-none-eabi/6.3.1/thumb/v7e-m/fpv4-sp/hard/crti.o
 .data          0x00000000        0x0 c:/program files (x86)/gnu tools arm embedded/6 2017-q2-update/bin/../lib/gcc/arm-none-eabi/6.3.1/thumb/v7e-m/fpv4-sp/hard/crti.o
 .bss           0x00000000        0x0 c:/program files (x86)/gnu tools arm embedded/6 2017-q2-update/bin/../lib/gcc/arm-none-eabi/6.3.1/thumb/v7e-m/fpv4-sp/hard/crti.o
[...]
Memory Configuration

Name             Origin             Length             Attributes
RAM              0x20000000         0x00020000         xrw
CCMRAM           0x10000000         0x00010000         rw
FLASH            0x08000000         0x00100000         xr
*default*        0x00000000         0xffffffff

Linker script and memory map

LOAD c:/program files (x86)/gnu tools arm embedded/6 2017-q2-update/bin/../lib/gcc/arm-none-eabi/6.3.1/thumb/v7e-m/fpv4-sp/hard/crti.o
LOAD c:/program files (x86)/gnu tools arm embedded/6 2017-q2-update/bin/../lib/gcc/arm-none-eabi/6.3.1/thumb/v7e-m/fpv4-sp/hard/crtbegin.o
LOAD c:/program files (x86)/gnu tools arm embedded/6 2017-q2-update/bin/../lib/gcc/arm-none-eabi/6.3.1/../../../../arm-none-eabi/lib/thumb/v7e-m/fpv4-sp/hard/crt0.o
LOAD build/stm32f4xx_hal_i2c_ex.o
LOAD build/stm32f4xx_hal_sd.o
LOAD build/fatfs_platform.o
LOAD build/ff.o
LOAD build/stm32f4xx_hal_rtc.o
LOAD build/bsp_driver_sd.o
LOAD build/stm32f4xx_hal_gpio.o
LOAD build/stm32f4xx_hal_flash_ex.o
LOAD build/system_stm32f4xx.o
LOAD build/stm32f4xx_hal_msp.o
LOAD build/stm32f4xx_hal_rtc_ex.o
LOAD build/stm32f4xx_hal_tim.o
LOAD build/stm32f4xx_hal_rcc_ex.o
LOAD build/stm32f4xx_hal_dma.o
LOAD build/main.o
LOAD build/ff_gen_drv.o
LOAD build/stm32f4xx_hal_pwr_ex.o
LOAD build/stm32f4xx_hal.o
LOAD build/stm32f4xx_hal_rcc.o
LOAD build/syscall.o
LOAD build/stm32f4xx_hal_cortex.o
LOAD build/stm32f4xx_it.o
LOAD build/stm32f4xx_hal_flash.o
LOAD build/stm32f4xx_ll_sdmmc.o
LOAD build/diskio.o
LOAD build/stm32f4xx_hal_uart.o
LOAD build/stm32f4xx_hal_i2c.o
LOAD build/stm32f4xx_hal_dma_ex.o
LOAD build/stm32f4xx_hal_flash_ramfunc.o
LOAD build/fatfs.o
LOAD build/stm32f4xx_hal_tim_ex.o
LOAD build/sd_diskio.o
LOAD build/stm32f4xx_hal_pwr.o
LOAD build/bq27421.o
LOAD build/bq24157.o
LOAD build/i2c.o
LOAD build/rtc.o
LOAD build/usart.o
LOAD build/sdio.o
LOAD build/gpio.o
LOAD build/tim.o
LOAD build/startup_stm32f407xx.o
LOAD c:/program files (x86)/gnu tools arm embedded/6 2017-q2-update/bin/../lib/gcc/arm-none-eabi/6.3.1/../../../../arm-none-eabi/lib/thumb/v7e-m/fpv4-sp/hard\libc_nano.a
LOAD c:/program files (x86)/gnu tools arm embedded/6 2017-q2-update/bin/../lib/gcc/arm-none-eabi/6.3.1/../../../../arm-none-eabi/lib/thumb/v7e-m/fpv4-sp/hard\libm.a
LOAD c:/program files (x86)/gnu tools arm embedded/6 2017-q2-update/bin/../lib/gcc/arm-none-eabi/6.3.1/../../../../arm-none-eabi/lib/thumb/v7e-m/fpv4-sp/hard\libnosys.a
START GROUP
LOAD c:/program files (x86)/gnu tools arm embedded/6 2017-q2-update/bin/../lib/gcc/arm-none-eabi/6.3.1/thumb/v7e-m/fpv4-sp/hard\libgcc.a
LOAD c:/program files (x86)/gnu tools arm embedded/6 2017-q2-update/bin/../lib/gcc/arm-none-eabi/6.3.1/../../../../arm-none-eabi/lib/thumb/v7e-m/fpv4-sp/hard\libc_nano.a
END GROUP
START GROUP
LOAD c:/program files (x86)/gnu tools arm embedded/6 2017-q2-update/bin/../lib/gcc/arm-none-eabi/6.3.1/thumb/v7e-m/fpv4-sp/hard\libgcc.a
LOAD c:/program files (x86)/gnu tools arm embedded/6 2017-q2-update/bin/../lib/gcc/arm-none-eabi/6.3.1/../../../../arm-none-eabi/lib/thumb/v7e-m/fpv4-sp/hard\libc_nano.a
END GROUP
LOAD c:/program files (x86)/gnu tools arm embedded/6 2017-q2-update/bin/../lib/gcc/arm-none-eabi/6.3.1/thumb/v7e-m/fpv4-sp/hard/crtend.o
LOAD c:/program files (x86)/gnu tools arm embedded/6 2017-q2-update/bin/../lib/gcc/arm-none-eabi/6.3.1/thumb/v7e-m/fpv4-sp/hard/crtn.o
                0x20020000                _estack = 0x20020000
                0x00000200                _Min_Heap_Size = 0x200
                0x00000400                _Min_Stack_Size = 0x400

.isr_vector     0x08000000      0x188
                0x08000000                . = ALIGN (0x4)
 *(.isr_vector)
 .isr_vector    0x08000000      0x188 build/startup_stm32f407xx.o
                0x08000000                g_pfnVectors
                0x08000188                . = ALIGN (0x4)

.text           0x08000188     0x355c
                0x08000188                . = ALIGN (0x4)
 *(.text)
 .text          0x08000188       0x6c c:/program files (x86)/gnu tools arm embedded/6 2017-q2-update/bin/../lib/gcc/arm-none-eabi/6.3.1/thumb/v7e-m/fpv4-sp/hard/crtbegin.o
 .text          0x080001f4       0x30 c:/program files (x86)/gnu tools arm embedded/6 2017-q2-update/bin/../lib/gcc/arm-none-eabi/6.3.1/thumb/v7e-m/fpv4-sp/hard\libgcc.a(_aeabi_uldivmod.o)
                0x080001f4                __aeabi_uldivmod
 .text          0x08000224      0x2dc c:/program files (x86)/gnu tools arm embedded/6 2017-q2-update/bin/../lib/gcc/arm-none-eabi/6.3.1/thumb/v7e-m/fpv4-sp/hard\libgcc.a(_udivmoddi4.o)
                0x08000224                __udivmoddi4
 .text          0x08000500        0x4 c:/program files (x86)/gnu tools arm embedded/6 2017-q2-update/bin/../lib/gcc/arm-none-eabi/6.3.1/thumb/v7e-m/fpv4-sp/hard\libgcc.a(_dvmd_tls.o)
                0x08000500                __aeabi_idiv0
                0x08000500                __aeabi_ldiv0
 *(.text*)
 .text.SD_DMATransmitCplt
                0x08000504        0xe build/stm32f4xx_hal_sd.o
 .text.SD_PowerON
                0x08000512       0xdc build/stm32f4xx_hal_sd.o
 .text.SD_Read_IT
                0x080005ee       0x24 build/stm32f4xx_hal_sd.o
 .text.SD_Write_IT
                0x08000612       0x24 build/stm32f4xx_hal_sd.o
 .text.SD_SendStatus
                0x08000636       0x2a build/stm32f4xx_hal_sd.o
 .text.HAL_SD_ReadBlocks_DMA
                0x08000660      0x110 build/stm32f4xx_hal_sd.o
                0x08000660                HAL_SD_ReadBlocks_DMA
 .text.HAL_SD_WriteBlocks_DMA
                0x08000770      0x118 build/stm32f4xx_hal_sd.o
                0x08000770                HAL_SD_WriteBlocks_DMA
 .text.HAL_SD_TxCpltCallback
                0x08000888        0x2 build/stm32f4xx_hal_sd.o
                0x08000888                HAL_SD_TxCpltCallback
 .text.HAL_SD_RxCpltCallback
                0x0800088a        0x2 build/stm32f4xx_hal_sd.o
                0x0800088a                HAL_SD_RxCpltCallback
 .text.HAL_SD_ErrorCallback
                0x0800088c        0x2 build/stm32f4xx_hal_sd.o
                0x0800088c                HAL_SD_ErrorCallback
 .text.SD_DMAReceiveCplt
                0x0800088e       0x44 build/stm32f4xx_hal_sd.o
 .text.HAL_SD_AbortCallback
                0x080008d2        0x2 build/stm32f4xx_hal_sd.o
                0x080008d2                HAL_SD_AbortCallback
 .text.HAL_SD_GetCardCSD
                0x080008d4      0x1e4 build/stm32f4xx_hal_sd.o
                0x080008d4                HAL_SD_GetCardCSD
 .text.SD_InitCard
                0x08000ab8       0xf4 build/stm32f4xx_hal_sd.o
 .text.HAL_SD_InitCard
                0x08000bac       0x78 build/stm32f4xx_hal_sd.o
                0x08000bac                HAL_SD_InitCard
 .text.HAL_SD_Init
                0x08000c24       0x32 build/stm32f4xx_hal_sd.o
                0x08000c24                HAL_SD_Init
 .text.HAL_SD_GetCardInfo
                0x08000c56       0x24 build/stm32f4xx_hal_sd.o
                0x08000c56                HAL_SD_GetCardInfo
 .text.HAL_SD_GetCardState
                0x08000c7a       0x26 build/stm32f4xx_hal_sd.o
                0x08000c7a                HAL_SD_GetCardState
 .text.SD_DMAError
                0x08000ca0       0x5a build/stm32f4xx_hal_sd.o
 .text.SD_DMATxAbort
                0x08000cfa       0x4a build/stm32f4xx_hal_sd.o
 .text.SD_DMARxAbort
                0x08000d44       0x4a build/stm32f4xx_hal_sd.o
 *fill*         0x08000d8e        0x2 
 .text.HAL_SD_IRQHandler
                0x08000d90      0x1d8 build/stm32f4xx_hal_sd.o
                0x08000d90                HAL_SD_IRQHandler
 .text.BSP_PlatformIsDetected
                0x08000f68       0x18 build/fatfs_platform.o
                0x08000f68                BSP_PlatformIsDetected
 .text.HAL_RTC_WaitForSynchro
                0x08000f80       0x32 build/stm32f4xx_hal_rtc.o
                0x08000f80                HAL_RTC_WaitForSynchro
 .text.RTC_EnterInitMode
                0x08000fb2       0x3c build/stm32f4xx_hal_rtc.o
                0x08000fb2                RTC_EnterInitMode
 .text.HAL_RTC_Init
                0x08000fee       0xc4 build/stm32f4xx_hal_rtc.o
                0x08000fee                HAL_RTC_Init
 *fill*         0x080010b2        0x2 
 .text.BSP_SD_ReadBlocks_DMA
                0x080010b4       0x18 build/bsp_driver_sd.o
                0x080010b4                BSP_SD_ReadBlocks_DMA
 .text.BSP_SD_WriteBlocks_DMA
                0x080010cc       0x18 build/bsp_driver_sd.o
                0x080010cc                BSP_SD_WriteBlocks_DMA
 .text.BSP_SD_GetCardState
                0x080010e4       0x14 build/bsp_driver_sd.o
                0x080010e4                BSP_SD_GetCardState
 .text.BSP_SD_GetCardInfo
                0x080010f8       0x10 build/bsp_driver_sd.o
                0x080010f8                BSP_SD_GetCardInfo
 .text.BSP_SD_IsDetected
                0x08001108       0x20 build/bsp_driver_sd.o
                0x08001108                BSP_SD_IsDetected
 .text.BSP_SD_Init
                0x08001128       0x1c build/bsp_driver_sd.o
                0x08001128                BSP_SD_Init
 .text.HAL_GPIO_Init
                0x08001144      0x1cc build/stm32f4xx_hal_gpio.o
                0x08001144                HAL_GPIO_Init
 .text.HAL_GPIO_ReadPin
                0x08001310        0xe build/stm32f4xx_hal_gpio.o
                0x08001310                HAL_GPIO_ReadPin
 .text.HAL_GPIO_WritePin
                0x0800131e        0xc build/stm32f4xx_hal_gpio.o
                0x0800131e                HAL_GPIO_WritePin
 *fill*         0x0800132a        0x2 
 .text.SystemInit
                0x0800132c       0x4c build/system_stm32f4xx.o
                0x0800132c                SystemInit
 .text.HAL_MspInit
                0x08001378       0x5e build/stm32f4xx_hal_msp.o
                0x08001378                HAL_MspInit
 .text.HAL_TIM_PeriodElapsedCallback
                0x080013d6        0x2 build/stm32f4xx_hal_tim.o
                0x080013d6                HAL_TIM_PeriodElapsedCallback
 .text.HAL_TIM_OC_DelayElapsedCallback
                0x080013d8        0x2 build/stm32f4xx_hal_tim.o
                0x080013d8                HAL_TIM_OC_DelayElapsedCallback
 .text.HAL_TIM_IC_CaptureCallback
                0x080013da        0x2 build/stm32f4xx_hal_tim.o
                0x080013da                HAL_TIM_IC_CaptureCallback
 .text.HAL_TIM_PWM_PulseFinishedCallback
                0x080013dc        0x2 build/stm32f4xx_hal_tim.o
                0x080013dc                HAL_TIM_PWM_PulseFinishedCallback
 .text.HAL_TIM_TriggerCallback
                0x080013de        0x2 build/stm32f4xx_hal_tim.o
                0x080013de                HAL_TIM_TriggerCallback
 .text.HAL_TIM_IRQHandler
                0x080013e0      0x17a build/stm32f4xx_hal_tim.o
                0x080013e0                HAL_TIM_IRQHandler
 *fill*         0x0800155a        0x2 
 .text.TIM_Base_SetConfig
                0x0800155c      0x11c build/stm32f4xx_hal_tim.o
                0x0800155c                TIM_Base_SetConfig
 .text.HAL_TIM_Base_Init
                0x08001678       0x32 build/stm32f4xx_hal_tim.o
                0x08001678                HAL_TIM_Base_Init
 *fill*         0x080016aa        0x2 
 .text.HAL_RCCEx_PeriphCLKConfig
                0x080016ac      0x154 build/stm32f4xx_hal_rcc_ex.o
                0x080016ac                HAL_RCCEx_PeriphCLKConfig
 .text.DMA_SetConfig
                0x08001800       0x2c build/stm32f4xx_hal_dma.o
 .text.HAL_DMA_Start_IT
                0x0800182c       0x74 build/stm32f4xx_hal_dma.o
                0x0800182c                HAL_DMA_Start_IT
 .text.HAL_DMA_Abort_IT
                0x080018a0       0x26 build/stm32f4xx_hal_dma.o
                0x080018a0                HAL_DMA_Abort_IT
 .text._Error_Handler
                0x080018c6        0x2 build/main.o
                0x080018c6                _Error_Handler
 .text.SystemClock_Config
                0x080018c8       0xd4 build/main.o
                0x080018c8                SystemClock_Config
 .text.main     0x0800199c       0x2c build/main.o
                0x0800199c                main
 .text.FATFS_LinkDriverEx
                0x080019c8       0x48 build/ff_gen_drv.o
                0x080019c8                FATFS_LinkDriverEx
 .text.FATFS_LinkDriver
                0x08001a10        0xa build/ff_gen_drv.o
                0x08001a10                FATFS_LinkDriver
 *fill*         0x08001a1a        0x2 
 .text.HAL_InitTick
                0x08001a1c       0x4c build/stm32f4xx_hal.o
                0x08001a1c                HAL_InitTick
 .text.HAL_Init
                0x08001a68       0x34 build/stm32f4xx_hal.o
                0x08001a68                HAL_Init
 .text.HAL_IncTick
                0x08001a9c       0x18 build/stm32f4xx_hal.o
                0x08001a9c                HAL_IncTick
 .text.HAL_GetTick
                0x08001ab4        0xc build/stm32f4xx_hal.o
                0x08001ab4                HAL_GetTick
 .text.HAL_Delay
                0x08001ac0       0x28 build/stm32f4xx_hal.o
                0x08001ac0                HAL_Delay
 .text.HAL_RCC_OscConfig
                0x08001ae8      0x398 build/stm32f4xx_hal_rcc.o
                0x08001ae8                HAL_RCC_OscConfig
 .text.HAL_RCC_GetSysClockFreq
                0x08001e80       0xa4 build/stm32f4xx_hal_rcc.o
                0x08001e80                HAL_RCC_GetSysClockFreq
 .text.HAL_RCC_ClockConfig
                0x08001f24      0x158 build/stm32f4xx_hal_rcc.o
                0x08001f24                HAL_RCC_ClockConfig
 .text.HAL_RCC_GetHCLKFreq
                0x0800207c        0xc build/stm32f4xx_hal_rcc.o
                0x0800207c                HAL_RCC_GetHCLKFreq
 .text.HAL_RCC_GetPCLK1Freq
                0x08002088       0x20 build/stm32f4xx_hal_rcc.o
                0x08002088                HAL_RCC_GetPCLK1Freq
 .text.HAL_RCC_GetPCLK2Freq
                0x080020a8       0x20 build/stm32f4xx_hal_rcc.o
                0x080020a8                HAL_RCC_GetPCLK2Freq
 .text.HAL_NVIC_SetPriorityGrouping
                0x080020c8       0x24 build/stm32f4xx_hal_cortex.o
                0x080020c8                HAL_NVIC_SetPriorityGrouping
 .text.HAL_NVIC_SetPriority
                0x080020ec       0x64 build/stm32f4xx_hal_cortex.o
                0x080020ec                HAL_NVIC_SetPriority
 .text.HAL_NVIC_EnableIRQ
                0x08002150       0x18 build/stm32f4xx_hal_cortex.o
                0x08002150                HAL_NVIC_EnableIRQ
 .text.HAL_SYSTICK_Config
                0x08002168       0x2c build/stm32f4xx_hal_cortex.o
                0x08002168                HAL_SYSTICK_Config
 .text.HAL_SYSTICK_CLKSourceConfig
                0x08002194       0x20 build/stm32f4xx_hal_cortex.o
                0x08002194                HAL_SYSTICK_CLKSourceConfig
 .text.HAL_SYSTICK_Callback
                0x080021b4        0x2 build/stm32f4xx_hal_cortex.o
                0x080021b4                HAL_SYSTICK_Callback
 .text.HAL_SYSTICK_IRQHandler
                0x080021b6        0x8 build/stm32f4xx_hal_cortex.o
                0x080021b6                HAL_SYSTICK_IRQHandler
 .text.NMI_Handler
                0x080021be        0x2 build/stm32f4xx_it.o
                0x080021be                NMI_Handler
 .text.HardFault_Handler
                0x080021c0        0x2 build/stm32f4xx_it.o
                0x080021c0                HardFault_Handler
 .text.MemManage_Handler
                0x080021c2        0x2 build/stm32f4xx_it.o
                0x080021c2                MemManage_Handler
 .text.BusFault_Handler
                0x080021c4        0x2 build/stm32f4xx_it.o
                0x080021c4                BusFault_Handler
 .text.UsageFault_Handler
                0x080021c6        0x2 build/stm32f4xx_it.o
                0x080021c6                UsageFault_Handler
 .text.SVC_Handler
                0x080021c8        0x2 build/stm32f4xx_it.o
                0x080021c8                SVC_Handler
 .text.DebugMon_Handler
                0x080021ca        0x2 build/stm32f4xx_it.o
                0x080021ca                DebugMon_Handler
 .text.PendSV_Handler
                0x080021cc        0x2 build/stm32f4xx_it.o
                0x080021cc                PendSV_Handler
 .text.SysTick_Handler
                0x080021ce        0xc build/stm32f4xx_it.o
                0x080021ce                SysTick_Handler
 *fill*         0x080021da        0x2 
 .text.SDIO_IRQHandler
                0x080021dc       0x10 build/stm32f4xx_it.o
                0x080021dc                SDIO_IRQHandler
 .text.UART4_IRQHandler
                0x080021ec       0x10 build/stm32f4xx_it.o
                0x080021ec                UART4_IRQHandler
 .text.TIM6_DAC_IRQHandler
                0x080021fc       0x10 build/stm32f4xx_it.o
                0x080021fc                TIM6_DAC_IRQHandler
 .text.TIM7_IRQHandler
                0x0800220c       0x10 build/stm32f4xx_it.o
                0x0800220c                TIM7_IRQHandler
 .text.SDMMC_GetCmdError
                0x0800221c       0x3c build/stm32f4xx_ll_sdmmc.o
 .text.SDMMC_GetCmdResp2
                0x08002258       0x5c build/stm32f4xx_ll_sdmmc.o
 .text.SDMMC_GetCmdResp3
                0x080022b4       0x4c build/stm32f4xx_ll_sdmmc.o
 .text.SDMMC_GetCmdResp7
                0x08002300       0x54 build/stm32f4xx_ll_sdmmc.o
 .text.SDIO_Init
                0x08002354       0x38 build/stm32f4xx_ll_sdmmc.o
                0x08002354                SDIO_Init
 .text.SDIO_ReadFIFO
                0x0800238c        0x6 build/stm32f4xx_ll_sdmmc.o
                0x0800238c                SDIO_ReadFIFO
 .text.SDIO_WriteFIFO
                0x08002392        0xa build/stm32f4xx_ll_sdmmc.o
                0x08002392                SDIO_WriteFIFO
 .text.SDIO_PowerState_ON
                0x0800239c        0x8 build/stm32f4xx_ll_sdmmc.o
                0x0800239c                SDIO_PowerState_ON
 .text.SDIO_GetPowerState
                0x080023a4        0x8 build/stm32f4xx_ll_sdmmc.o
                0x080023a4                SDIO_GetPowerState
 .text.SDIO_SendCommand
                0x080023ac       0x24 build/stm32f4xx_ll_sdmmc.o
                0x080023ac                SDIO_SendCommand
 .text.SDIO_GetCommandResponse
                0x080023d0        0x6 build/stm32f4xx_ll_sdmmc.o
                0x080023d0                SDIO_GetCommandResponse
 .text.SDIO_GetResponse
                0x080023d6       0x14 build/stm32f4xx_ll_sdmmc.o
                0x080023d6                SDIO_GetResponse
 *fill*         0x080023ea        0x2 
 .text.SDMMC_GetCmdResp1
                0x080023ec      0x158 build/stm32f4xx_ll_sdmmc.o
 .text.SDMMC_GetCmdResp6
                0x08002544       0xa0 build/stm32f4xx_ll_sdmmc.o
 .text.SDIO_ConfigData
                0x080025e4       0x24 build/stm32f4xx_ll_sdmmc.o
                0x080025e4                SDIO_ConfigData
 .text.SDMMC_CmdBlockLength
                0x08002608       0x30 build/stm32f4xx_ll_sdmmc.o
                0x08002608                SDMMC_CmdBlockLength
 .text.SDMMC_CmdReadSingleBlock
                0x08002638       0x30 build/stm32f4xx_ll_sdmmc.o
                0x08002638                SDMMC_CmdReadSingleBlock
 .text.SDMMC_CmdReadMultiBlock
                0x08002668       0x30 build/stm32f4xx_ll_sdmmc.o
                0x08002668                SDMMC_CmdReadMultiBlock
 .text.SDMMC_CmdWriteSingleBlock
                0x08002698       0x30 build/stm32f4xx_ll_sdmmc.o
                0x08002698                SDMMC_CmdWriteSingleBlock
 .text.SDMMC_CmdWriteMultiBlock
                0x080026c8       0x30 build/stm32f4xx_ll_sdmmc.o
                0x080026c8                SDMMC_CmdWriteMultiBlock
 .text.SDMMC_CmdStopTransfer
                0x080026f8       0x34 build/stm32f4xx_ll_sdmmc.o
                0x080026f8                SDMMC_CmdStopTransfer
 .text.SDMMC_CmdSelDesel
                0x0800272c       0x30 build/stm32f4xx_ll_sdmmc.o
                0x0800272c                SDMMC_CmdSelDesel
 .text.SDMMC_CmdGoIdleState
                0x0800275c       0x26 build/stm32f4xx_ll_sdmmc.o
                0x0800275c                SDMMC_CmdGoIdleState
 .text.SDMMC_CmdOperCond
                0x08002782       0x2e build/stm32f4xx_ll_sdmmc.o
                0x08002782                SDMMC_CmdOperCond
 .text.SDMMC_CmdAppCommand
                0x080027b0       0x30 build/stm32f4xx_ll_sdmmc.o
                0x080027b0                SDMMC_CmdAppCommand
 .text.SDMMC_CmdAppOperCommand
                0x080027e0       0x32 build/stm32f4xx_ll_sdmmc.o
                0x080027e0                SDMMC_CmdAppOperCommand
 .text.SDMMC_CmdSendCID
                0x08002812       0x2a build/stm32f4xx_ll_sdmmc.o
                0x08002812                SDMMC_CmdSendCID
 .text.SDMMC_CmdSendCSD
                0x0800283c       0x2a build/stm32f4xx_ll_sdmmc.o
                0x0800283c                SDMMC_CmdSendCSD
 .text.SDMMC_CmdSetRelAdd
                0x08002866       0x30 build/stm32f4xx_ll_sdmmc.o
                0x08002866                SDMMC_CmdSetRelAdd
 .text.SDMMC_CmdSendStatus
                0x08002896       0x30 build/stm32f4xx_ll_sdmmc.o
                0x08002896                SDMMC_CmdSendStatus
 .text.UART_EndRxTransfer
                0x080028c6       0x1c build/stm32f4xx_hal_uart.o
 .text.UART_Transmit_IT
                0x080028e2       0x6a build/stm32f4xx_hal_uart.o
 .text.UART_SetConfig
                0x0800294c      0x344 build/stm32f4xx_hal_uart.o
 .text.HAL_UART_Init
                0x08002c90       0x5e build/stm32f4xx_hal_uart.o
                0x08002c90                HAL_UART_Init
 .text.HAL_UART_TxCpltCallback
                0x08002cee        0x2 build/stm32f4xx_hal_uart.o
                0x08002cee                HAL_UART_TxCpltCallback
 .text.UART_EndTransmit_IT
                0x08002cf0       0x1a build/stm32f4xx_hal_uart.o
 .text.HAL_UART_RxCpltCallback
                0x08002d0a        0x2 build/stm32f4xx_hal_uart.o
                0x08002d0a                HAL_UART_RxCpltCallback
 .text.UART_Receive_IT
                0x08002d0c       0x94 build/stm32f4xx_hal_uart.o
 .text.HAL_UART_ErrorCallback
                0x08002da0        0x2 build/stm32f4xx_hal_uart.o
                0x08002da0                HAL_UART_ErrorCallback
 *fill*         0x08002da2        0x2 
 .text.HAL_UART_IRQHandler
                0x08002da4      0x120 build/stm32f4xx_hal_uart.o
                0x08002da4                HAL_UART_IRQHandler
 .text.UART_DMAAbortOnError
                0x08002ec4       0x10 build/stm32f4xx_hal_uart.o
 .text.HAL_I2C_Init
                0x08002ed4      0x11c build/stm32f4xx_hal_i2c.o
                0x08002ed4                HAL_I2C_Init
 .text.MX_FATFS_Init
                0x08002ff0       0x1c build/fatfs.o
                0x08002ff0                MX_FATFS_Init
 .text.HAL_TIMEx_MasterConfigSynchronization
                0x0800300c       0x52 build/stm32f4xx_hal_tim_ex.o
                0x0800300c                HAL_TIMEx_MasterConfigSynchronization
 .text.HAL_TIMEx_CommutationCallback
                0x0800305e        0x2 build/stm32f4xx_hal_tim_ex.o
                0x0800305e                HAL_TIMEx_CommutationCallback
 .text.HAL_TIMEx_BreakCallback
                0x08003060        0x2 build/stm32f4xx_hal_tim_ex.o
                0x08003060                HAL_TIMEx_BreakCallback
 *fill*         0x08003062        0x2 
 .text.SD_CheckStatus
                0x08003064       0x24 build/sd_diskio.o
 .text.SD_initialize
                0x08003088       0x28 build/sd_diskio.o
                0x08003088                SD_initialize
 .text.SD_status
                0x080030b0        0x8 build/sd_diskio.o
                0x080030b0                SD_status
 .text.SD_read  0x080030b8       0x6c build/sd_diskio.o
                0x080030b8                SD_read
 .text.SD_write
                0x08003124       0x6c build/sd_diskio.o
                0x08003124                SD_write
 .text.SD_ioctl
                0x08003190       0x5c build/sd_diskio.o
                0x08003190                SD_ioctl
 .text.MX_I2C2_Init
                0x080031ec       0x44 build/i2c.o
                0x080031ec                MX_I2C2_Init
 .text.HAL_I2C_MspInit
                0x08003230       0x58 build/i2c.o
                0x08003230                HAL_I2C_MspInit
 .text.MX_RTC_Init
                0x08003288       0x38 build/rtc.o
                0x08003288                MX_RTC_Init
 .text.HAL_RTC_MspInit
                0x080032c0       0x1c build/rtc.o
                0x080032c0                HAL_RTC_MspInit
 .text.MX_UART4_Init
                0x080032dc       0x3c build/usart.o
                0x080032dc                MX_UART4_Init
 .text.HAL_UART_MspInit
                0x08003318       0x60 build/usart.o
                0x08003318                HAL_UART_MspInit
 .text.MX_SDIO_SD_Init
                0x08003378       0x20 build/sdio.o
                0x08003378                MX_SDIO_SD_Init
 .text.HAL_SD_MspInit
                0x08003398       0x7c build/sdio.o
                0x08003398                HAL_SD_MspInit
 .text.MX_GPIO_Init
                0x08003414       0xfc build/gpio.o
                0x08003414                MX_GPIO_Init
 .text.MX_TIM6_Init
                0x08003510       0x58 build/tim.o
                0x08003510                MX_TIM6_Init
 .text.MX_TIM7_Init
                0x08003568       0x54 build/tim.o
                0x08003568                MX_TIM7_Init
 .text.HAL_TIM_Base_MspInit
                0x080035bc       0x74 build/tim.o
                0x080035bc                HAL_TIM_Base_MspInit
 .text.Reset_Handler
                0x08003630       0x50 build/startup_stm32f407xx.o
                0x08003630                Reset_Handler
 .text.Default_Handler
                0x08003680        0x2 build/startup_stm32f407xx.o
                0x08003680                RTC_Alarm_IRQHandler
                0x08003680                HASH_RNG_IRQHandler
                0x08003680                EXTI2_IRQHandler
                0x08003680                TIM8_CC_IRQHandler
                0x08003680                TIM1_CC_IRQHandler
                0x08003680                DMA2_Stream5_IRQHandler
                0x08003680                DMA1_Stream5_IRQHandler
                0x08003680                PVD_IRQHandler
                0x08003680                TAMP_STAMP_IRQHandler
                0x08003680                CAN2_RX1_IRQHandler
                0x08003680                EXTI3_IRQHandler
                0x08003680                TIM8_TRG_COM_TIM14_IRQHandler
                0x08003680                TIM1_UP_TIM10_IRQHandler
                0x08003680                TIM8_UP_TIM13_IRQHandler
                0x08003680                I2C3_ER_IRQHandler
                0x08003680                EXTI0_IRQHandler
                0x08003680                I2C2_EV_IRQHandler
                0x08003680                DMA1_Stream2_IRQHandler
                0x08003680                CAN1_RX0_IRQHandler
                0x08003680                FPU_IRQHandler
                0x08003680                OTG_HS_WKUP_IRQHandler
                0x08003680                CAN2_SCE_IRQHandler
                0x08003680                DMA2_Stream2_IRQHandler
                0x08003680                SPI1_IRQHandler
                0x08003680                TIM1_BRK_TIM9_IRQHandler
                0x08003680                DCMI_IRQHandler
                0x08003680                CAN2_RX0_IRQHandler
                0x08003680                DMA2_Stream3_IRQHandler
                0x08003680                USART6_IRQHandler
                0x08003680                USART3_IRQHandler
                0x08003680                CAN1_RX1_IRQHandler
                0x08003680                UART5_IRQHandler
                0x08003680                DMA2_Stream0_IRQHandler
                0x08003680                TIM4_IRQHandler
                0x08003680                I2C1_EV_IRQHandler
                0x08003680                DMA1_Stream6_IRQHandler
                0x08003680                DMA1_Stream1_IRQHandler
                0x08003680                TIM3_IRQHandler
                0x08003680                RCC_IRQHandler
                0x08003680                TIM8_BRK_TIM12_IRQHandler
                0x08003680                Default_Handler
                0x08003680                EXTI15_10_IRQHandler
                0x08003680                ADC_IRQHandler
                0x08003680                DMA1_Stream7_IRQHandler
                0x08003680                CAN2_TX_IRQHandler
                0x08003680                TIM5_IRQHandler
                0x08003680                DMA2_Stream7_IRQHandler
                0x08003680                I2C3_EV_IRQHandler
                0x08003680                EXTI9_5_IRQHandler
                0x08003680                RTC_WKUP_IRQHandler
                0x08003680                ETH_WKUP_IRQHandler
                0x08003680                SPI2_IRQHandler
                0x08003680                OTG_HS_EP1_IN_IRQHandler
                0x08003680                DMA1_Stream0_IRQHandler
                0x08003680                CAN1_TX_IRQHandler
                0x08003680                EXTI4_IRQHandler
                0x08003680                FSMC_IRQHandler
                0x08003680                ETH_IRQHandler
                0x08003680                OTG_HS_EP1_OUT_IRQHandler
                0x08003680                WWDG_IRQHandler
                0x08003680                TIM2_IRQHandler
                0x08003680                OTG_FS_WKUP_IRQHandler
                0x08003680                TIM1_TRG_COM_TIM11_IRQHandler
                0x08003680                OTG_HS_IRQHandler
                0x08003680                EXTI1_IRQHandler
                0x08003680                USART2_IRQHandler
                0x08003680                I2C2_ER_IRQHandler
                0x08003680                DMA2_Stream1_IRQHandler
                0x08003680                CAN1_SCE_IRQHandler
                0x08003680                FLASH_IRQHandler
                0x08003680                DMA2_Stream4_IRQHandler
                0x08003680                USART1_IRQHandler
                0x08003680                OTG_FS_IRQHandler
                0x08003680                SPI3_IRQHandler
                0x08003680                DMA1_Stream4_IRQHandler
                0x08003680                I2C1_ER_IRQHandler
                0x08003680                DMA2_Stream6_IRQHandler
                0x08003680                DMA1_Stream3_IRQHandler
 *fill*         0x08003682        0x2 
 .text.__libc_init_array
                0x08003684       0x48 c:/program files (x86)/gnu tools arm embedded/6 2017-q2-update/bin/../lib/gcc/arm-none-eabi/6.3.1/../../../../arm-none-eabi/lib/thumb/v7e-m/fpv4-sp/hard\libc_nano.a(lib_a-init.o)
                0x08003684                __libc_init_array
 *(.glue_7)
 .glue_7        0x080036cc        0x0 linker stubs
 *(.glue_7t)
 .glue_7t       0x080036cc        0x0 linker stubs
 *(.eh_frame)
 .eh_frame      0x080036cc        0x0 c:/program files (x86)/gnu tools arm embedded/6 2017-q2-update/bin/../lib/gcc/arm-none-eabi/6.3.1/thumb/v7e-m/fpv4-sp/hard/crtbegin.o
 *(.init)
 .init          0x080036cc        0x4 c:/program files (x86)/gnu tools arm embedded/6 2017-q2-update/bin/../lib/gcc/arm-none-eabi/6.3.1/thumb/v7e-m/fpv4-sp/hard/crti.o
                0x080036cc                _init
 .init          0x080036d0        0x8 c:/program files (x86)/gnu tools arm embedded/6 2017-q2-update/bin/../lib/gcc/arm-none-eabi/6.3.1/thumb/v7e-m/fpv4-sp/hard/crtn.o
 *(.fini)
 .fini          0x080036d8        0x4 c:/program files (x86)/gnu tools arm embedded/6 2017-q2-update/bin/../lib/gcc/arm-none-eabi/6.3.1/thumb/v7e-m/fpv4-sp/hard/crti.o
                0x080036d8                _fini
 .fini          0x080036dc        0x8 c:/program files (x86)/gnu tools arm embedded/6 2017-q2-update/bin/../lib/gcc/arm-none-eabi/6.3.1/thumb/v7e-m/fpv4-sp/hard/crtn.o
                0x080036e4                . = ALIGN (0x4)
                0x080036e4                _etext = .

.vfp11_veneer   0x080036e4        0x0
 .vfp11_veneer  0x080036e4        0x0 linker stubs

.v4_bx          0x080036e4        0x0
 .v4_bx         0x080036e4        0x0 linker stubs

.iplt           0x080036e4        0x0
 .iplt          0x080036e4        0x0 c:/program files (x86)/gnu tools arm embedded/6 2017-q2-update/bin/../lib/gcc/arm-none-eabi/6.3.1/thumb/v7e-m/fpv4-sp/hard/crtbegin.o

.rodata         0x080036e4       0x68
                0x080036e4                . = ALIGN (0x4)
 *(.rodata)
 *(.rodata*)
 .rodata.AHBPrescTable
                0x080036e4       0x10 build/system_stm32f4xx.o
                0x080036e4                AHBPrescTable
 .rodata.APBPrescTable
                0x080036f4        0x8 build/system_stm32f4xx.o
                0x080036f4                APBPrescTable
 .rodata.SystemClock_Config.str1.4
                0x080036fc        0xb build/main.o
 *fill*         0x08003707        0x1 
 .rodata.SD_Driver
                0x08003708       0x14 build/sd_diskio.o
                0x08003708                SD_Driver
 .rodata.MX_I2C2_Init.str1.4
                0x0800371c        0xa build/i2c.o
 *fill*         0x08003726        0x2 
 .rodata.MX_RTC_Init.str1.4
                0x08003728        0xa build/rtc.o
 *fill*         0x08003732        0x2 
 .rodata.MX_UART4_Init.str1.4
                0x08003734        0xc build/usart.o
 .rodata.MX_TIM6_Init.str1.4
                0x08003740        0xc build/tim.o
                                  0xa (size before relaxing)
                0x0800374c                . = ALIGN (0x4)

.ARM.extab
 *(.ARM.extab* .gnu.linkonce.armextab.*)

.ARM            0x0800374c        0x8
                0x0800374c                __exidx_start = .
 *(.ARM.exidx*)
 .ARM.exidx     0x0800374c        0x8 c:/program files (x86)/gnu tools arm embedded/6 2017-q2-update/bin/../lib/gcc/arm-none-eabi/6.3.1/thumb/v7e-m/fpv4-sp/hard\libgcc.a(_udivmoddi4.o)
                0x08003754                __exidx_end = .

.rel.dyn        0x08003754        0x0
 .rel.iplt      0x08003754        0x0 c:/program files (x86)/gnu tools arm embedded/6 2017-q2-update/bin/../lib/gcc/arm-none-eabi/6.3.1/thumb/v7e-m/fpv4-sp/hard/crtbegin.o

.preinit_array  0x08003754        0x0
                0x08003754                PROVIDE (__preinit_array_start, .)
 *(.preinit_array*)
                0x08003754                PROVIDE (__preinit_array_end, .)

.init_array     0x08003754        0x4
                0x08003754                PROVIDE (__init_array_start, .)
 *(SORT(.init_array.*))
 *(.init_array*)
 .init_array    0x08003754        0x4 c:/program files (x86)/gnu tools arm embedded/6 2017-q2-update/bin/../lib/gcc/arm-none-eabi/6.3.1/thumb/v7e-m/fpv4-sp/hard/crtbegin.o
                0x08003758                PROVIDE (__init_array_end, .)

.fini_array     0x08003758        0x4
                [!provide]                PROVIDE (__fini_array_start, .)
 *(SORT(.fini_array.*))
 *(.fini_array*)
 .fini_array    0x08003758        0x4 c:/program files (x86)/gnu tools arm embedded/6 2017-q2-update/bin/../lib/gcc/arm-none-eabi/6.3.1/thumb/v7e-m/fpv4-sp/hard/crtbegin.o
                [!provide]                PROVIDE (__fini_array_end, .)
                0x0800375c                _sidata = LOADADDR (.data)

.data           0x20000000       0x10 load address 0x0800375c
                0x20000000                . = ALIGN (0x4)
                0x20000000                _sdata = .
 *(.data)
 *(.data*)
 .data.SystemCoreClock
                0x20000000        0x4 build/system_stm32f4xx.o
                0x20000000                SystemCoreClock
 .data.uwTickFreq
                0x20000004        0x1 build/stm32f4xx_hal.o
                0x20000004                uwTickFreq
 *fill*         0x20000005        0x3 
 .data.uwTickPrio
                0x20000008        0x4 build/stm32f4xx_hal.o
                0x20000008                uwTickPrio
 .data.Stat     0x2000000c        0x1 build/sd_diskio.o
                0x20000010                . = ALIGN (0x4)
 *fill*         0x2000000d        0x3 
                0x20000010                _edata = .
                0x0800376c                _siccmram = LOADADDR (.ccmram)

.jcr            0x20000010        0x0 load address 0x0800376c
 .jcr           0x20000010        0x0 c:/program files (x86)/gnu tools arm embedded/6 2017-q2-update/bin/../lib/gcc/arm-none-eabi/6.3.1/thumb/v7e-m/fpv4-sp/hard/crtbegin.o

.igot.plt       0x20000010        0x0 load address 0x0800376c
 .igot.plt      0x20000010        0x0 c:/program files (x86)/gnu tools arm embedded/6 2017-q2-update/bin/../lib/gcc/arm-none-eabi/6.3.1/thumb/v7e-m/fpv4-sp/hard/crtbegin.o

.ccmram         0x10000000        0x0 load address 0x0800376c
                0x10000000                . = ALIGN (0x4)
                0x10000000                _sccmram = .
 *(.ccmram)
 *(.ccmram*)
                0x10000000                . = ALIGN (0x4)
                0x10000000                _eccmram = .
                0x10000000                . = ALIGN (0x4)

.bss            0x20000010      0x64c
                0x20000010                _sbss = .
                0x20000010                __bss_start__ = _sbss
 *(.bss)
 .bss           0x20000010       0x1c c:/program files (x86)/gnu tools arm embedded/6 2017-q2-update/bin/../lib/gcc/arm-none-eabi/6.3.1/thumb/v7e-m/fpv4-sp/hard/crtbegin.o
 *(.bss*)
 .bss.disk      0x2000002c        0xc build/ff_gen_drv.o
                0x2000002c                disk
 .bss.ReadStatus
                0x20000038        0x4 build/sd_diskio.o
 .bss.WriteStatus
                0x2000003c        0x4 build/sd_diskio.o
 *(COMMON)
 COMMON         0x20000040        0x4 build/stm32f4xx_hal.o
                0x20000040                uwTick
 COMMON         0x20000044      0x468 build/fatfs.o
                0x20000044                retSD
                0x20000048                SDPath
                0x2000004c                SDFile
                0x2000027c                SDFatFS
 COMMON         0x200004ac       0x54 build/i2c.o
                0x200004ac                hi2c2
 COMMON         0x20000500       0x20 build/rtc.o
                0x20000500                hrtc
 COMMON         0x20000520       0x40 build/usart.o
                0x20000520                huart4
 COMMON         0x20000560       0x84 build/sdio.o
                0x20000560                hsd
 COMMON         0x200005e4       0x78 build/tim.o
                0x200005e4                htim6
                0x20000620                htim7
                0x2000065c                . = ALIGN (0x4)
                0x2000065c                _ebss = .
                0x2000065c                __bss_end__ = _ebss

._user_heap_stack
                0x2000065c      0x604
                0x20000660                . = ALIGN (0x8)
 *fill*         0x2000065c        0x4 
                [!provide]                PROVIDE (end, .)
                [!provide]                PROVIDE (_end, .)
                0x20000860                . = (. + _Min_Heap_Size)
 *fill*         0x20000660      0x200 
                0x20000c60                . = (. + _Min_Stack_Size)
 *fill*         0x20000860      0x400 
                0x20000c60                . = ALIGN (0x8)

/DISCARD/
 libc.a(*)
 libm.a(*)
 libgcc.a(*)

.ARM.attributes
                0x00000000       0x30
 *(.ARM.attributes)
 .ARM.attributes
                0x00000000       0x22 c:/program files (x86)/gnu tools arm embedded/6 2017-q2-update/bin/../lib/gcc/arm-none-eabi/6.3.1/thumb/v7e-m/fpv4-sp/hard/crti.o
 .ARM.attributes
                0x00000022       0x34 c:/program files (x86)/gnu tools arm embedded/6 2017-q2-update/bin/../lib/gcc/arm-none-eabi/6.3.1/thumb/v7e-m/fpv4-sp/hard/crtbegin.o
 .ARM.attributes
                0x00000056       0x39 build/stm32f4xx_hal_sd.o
 .ARM.attributes
                0x0000008f       0x39 build/fatfs_platform.o
 .ARM.attributes
                0x000000c8       0x39 build/stm32f4xx_hal_rtc.o
 .ARM.attributes
                0x00000101       0x39 build/bsp_driver_sd.o
 .ARM.attributes
                0x0000013a       0x39 build/stm32f4xx_hal_gpio.o
 .ARM.attributes
                0x00000173       0x39 build/system_stm32f4xx.o
 .ARM.attributes
                0x000001ac       0x39 build/stm32f4xx_hal_msp.o
 .ARM.attributes
                0x000001e5       0x39 build/stm32f4xx_hal_tim.o
 .ARM.attributes
                0x0000021e       0x39 build/stm32f4xx_hal_rcc_ex.o
 .ARM.attributes
                0x00000257       0x39 build/stm32f4xx_hal_dma.o
 .ARM.attributes
                0x00000290       0x39 build/main.o
 .ARM.attributes
                0x000002c9       0x39 build/ff_gen_drv.o
 .ARM.attributes
                0x00000302       0x39 build/stm32f4xx_hal.o
 .ARM.attributes
                0x0000033b       0x39 build/stm32f4xx_hal_rcc.o
 .ARM.attributes
                0x00000374       0x39 build/stm32f4xx_hal_cortex.o
 .ARM.attributes
                0x000003ad       0x39 build/stm32f4xx_it.o
 .ARM.attributes
                0x000003e6       0x39 build/stm32f4xx_ll_sdmmc.o
 .ARM.attributes
                0x0000041f       0x39 build/stm32f4xx_hal_uart.o
 .ARM.attributes
                0x00000458       0x39 build/stm32f4xx_hal_i2c.o
 .ARM.attributes
                0x00000491       0x39 build/fatfs.o
 .ARM.attributes
                0x000004ca       0x39 build/stm32f4xx_hal_tim_ex.o
 .ARM.attributes
                0x00000503       0x39 build/sd_diskio.o
 .ARM.attributes
                0x0000053c       0x39 build/i2c.o
 .ARM.attributes
                0x00000575       0x39 build/rtc.o
 .ARM.attributes
                0x000005ae       0x39 build/usart.o
 .ARM.attributes
                0x000005e7       0x39 build/sdio.o
 .ARM.attributes
                0x00000620       0x39 build/gpio.o
 .ARM.attributes
                0x00000659       0x39 build/tim.o
 .ARM.attributes
                0x00000692       0x21 build/startup_stm32f407xx.o
 .ARM.attributes
                0x000006b3       0x34 c:/program files (x86)/gnu tools arm embedded/6 2017-q2-update/bin/../lib/gcc/arm-none-eabi/6.3.1/../../../../arm-none-eabi/lib/thumb/v7e-m/fpv4-sp/hard\libc_nano.a(lib_a-init.o)
 .ARM.attributes
                0x000006e7       0x22 c:/program files (x86)/gnu tools arm embedded/6 2017-q2-update/bin/../lib/gcc/arm-none-eabi/6.3.1/thumb/v7e-m/fpv4-sp/hard\libgcc.a(_aeabi_uldivmod.o)
 .ARM.attributes
                0x00000709       0x34 c:/program files (x86)/gnu tools arm embedded/6 2017-q2-update/bin/../lib/gcc/arm-none-eabi/6.3.1/thumb/v7e-m/fpv4-sp/hard\libgcc.a(_udivmoddi4.o)
 .ARM.attributes
                0x0000073d       0x22 c:/program files (x86)/gnu tools arm embedded/6 2017-q2-update/bin/../lib/gcc/arm-none-eabi/6.3.1/thumb/v7e-m/fpv4-sp/hard\libgcc.a(_dvmd_tls.o)
 .ARM.attributes
                0x0000075f       0x22 c:/program files (x86)/gnu tools arm embedded/6 2017-q2-update/bin/../lib/gcc/arm-none-eabi/6.3.1/thumb/v7e-m/fpv4-sp/hard/crtn.o
OUTPUT(build/batLearn.elf elf32-littlearm)

.debug_info     0x00000000    0x2ad26
 .debug_info    0x00000000     0x2d70 build/stm32f4xx_hal_sd.o
 .debug_info    0x00002d70      0xb64 build/fatfs_platform.o
 .debug_info    0x000038d4     0x183a build/stm32f4xx_hal_rtc.o
 .debug_info    0x0000510e     0x1583 build/bsp_driver_sd.o
 .debug_info    0x00006691     0x1113 build/stm32f4xx_hal_gpio.o
 .debug_info    0x000077a4      0xe89 build/system_stm32f4xx.o
 .debug_info    0x0000862d      0xd66 build/stm32f4xx_hal_msp.o
 .debug_info    0x00009393     0x3a2e build/stm32f4xx_hal_tim.o
 .debug_info    0x0000cdc1      0xfe7 build/stm32f4xx_hal_rcc_ex.o
 .debug_info    0x0000dda8     0x13ef build/stm32f4xx_hal_dma.o
 .debug_info    0x0000f197     0x28d7 build/main.o
 .debug_info    0x00011a6e      0xd88 build/ff_gen_drv.o
 .debug_info    0x000127f6     0x1392 build/stm32f4xx_hal.o
 .debug_info    0x00013b88     0x141c build/stm32f4xx_hal_rcc.o
 .debug_info    0x00014fa4     0x191a build/stm32f4xx_hal_cortex.o
 .debug_info    0x000168be     0x1724 build/stm32f4xx_it.o
 .debug_info    0x00017fe2     0x205b build/stm32f4xx_ll_sdmmc.o
 .debug_info    0x0001a03d     0x2175 build/stm32f4xx_hal_uart.o
 .debug_info    0x0001c1b2     0x3998 build/stm32f4xx_hal_i2c.o
 .debug_info    0x0001fb4a      0xebb build/fatfs.o
 .debug_info    0x00020a05     0x1d72 build/stm32f4xx_hal_tim_ex.o
 .debug_info    0x00022777      0xfd7 build/sd_diskio.o
 .debug_info    0x0002374e     0x1408 build/i2c.o
 .debug_info    0x00024b56      0xece build/rtc.o
 .debug_info    0x00025a24     0x15fd build/usart.o
 .debug_info    0x00027021     0x172c build/sdio.o
 .debug_info    0x0002874d      0xee9 build/gpio.o
 .debug_info    0x00029636     0x1687 build/tim.o
 .debug_info    0x0002acbd       0x69 build/startup_stm32f407xx.o

.debug_abbrev   0x00000000     0x4a26
 .debug_abbrev  0x00000000      0x32b build/stm32f4xx_hal_sd.o
 .debug_abbrev  0x0000032b      0x1f5 build/fatfs_platform.o
 .debug_abbrev  0x00000520      0x2df build/stm32f4xx_hal_rtc.o
 .debug_abbrev  0x000007ff      0x2d2 build/bsp_driver_sd.o
 .debug_abbrev  0x00000ad1      0x2bc build/stm32f4xx_hal_gpio.o
 .debug_abbrev  0x00000d8d      0x1e6 build/system_stm32f4xx.o
 .debug_abbrev  0x00000f73      0x1eb build/stm32f4xx_hal_msp.o
 .debug_abbrev  0x0000115e      0x30c build/stm32f4xx_hal_tim.o
 .debug_abbrev  0x0000146a      0x277 build/stm32f4xx_hal_rcc_ex.o
 .debug_abbrev  0x000016e1      0x326 build/stm32f4xx_hal_dma.o
 .debug_abbrev  0x00001a07      0x2ca build/main.o
 .debug_abbrev  0x00001cd1      0x271 build/ff_gen_drv.o
 .debug_abbrev  0x00001f42      0x2df build/stm32f4xx_hal.o
 .debug_abbrev  0x00002221      0x32d build/stm32f4xx_hal_rcc.o
 .debug_abbrev  0x0000254e      0x3da build/stm32f4xx_hal_cortex.o
 .debug_abbrev  0x00002928      0x222 build/stm32f4xx_it.o
 .debug_abbrev  0x00002b4a      0x2cc build/stm32f4xx_ll_sdmmc.o
 .debug_abbrev  0x00002e16      0x373 build/stm32f4xx_hal_uart.o
 .debug_abbrev  0x00003189      0x32c build/stm32f4xx_hal_i2c.o
 .debug_abbrev  0x000034b5      0x21f build/fatfs.o
 .debug_abbrev  0x000036d4      0x2f4 build/stm32f4xx_hal_tim_ex.o
 .debug_abbrev  0x000039c8      0x2d1 build/sd_diskio.o
 .debug_abbrev  0x00003c99      0x239 build/i2c.o
 .debug_abbrev  0x00003ed2      0x239 build/rtc.o
 .debug_abbrev  0x0000410b      0x242 build/usart.o
 .debug_abbrev  0x0000434d      0x26b build/sdio.o
 .debug_abbrev  0x000045b8      0x20b build/gpio.o
 .debug_abbrev  0x000047c3      0x251 build/tim.o
 .debug_abbrev  0x00004a14       0x12 build/startup_stm32f407xx.o

.debug_loc      0x00000000    0x12636
 .debug_loc     0x00000000     0x23c2 build/stm32f4xx_hal_sd.o
 .debug_loc     0x000023c2       0x4b build/fatfs_platform.o
 .debug_loc     0x0000240d      0xd07 build/stm32f4xx_hal_rtc.o
 .debug_loc     0x00003114      0x570 build/bsp_driver_sd.o
 .debug_loc     0x00003684      0x4b9 build/stm32f4xx_hal_gpio.o
 .debug_loc     0x00003b3d      0x13e build/system_stm32f4xx.o
 .debug_loc     0x00003c7b       0x20 build/stm32f4xx_hal_msp.o
 .debug_loc     0x00003c9b     0x3f30 build/stm32f4xx_hal_tim.o
 .debug_loc     0x00007bcb      0x39f build/stm32f4xx_hal_rcc_ex.o
 .debug_loc     0x00007f6a      0xc1d build/stm32f4xx_hal_dma.o
 .debug_loc     0x00008b87       0x66 build/main.o
 .debug_loc     0x00008bed      0x2ab build/ff_gen_drv.o
 .debug_loc     0x00008e98      0x1a8 build/stm32f4xx_hal.o
 .debug_loc     0x00009040      0x53e build/stm32f4xx_hal_rcc.o
 .debug_loc     0x0000957e      0x65e build/stm32f4xx_hal_cortex.o
 .debug_loc     0x00009bdc       0xa0 build/stm32f4xx_it.o
 .debug_loc     0x00009c7c     0x1731 build/stm32f4xx_ll_sdmmc.o
 .debug_loc     0x0000b3ad     0x19e6 build/stm32f4xx_hal_uart.o
 .debug_loc     0x0000cd93     0x3cc8 build/stm32f4xx_hal_i2c.o
 .debug_loc     0x00010a5b       0x20 build/fatfs.o
 .debug_loc     0x00010a7b     0x1298 build/stm32f4xx_hal_tim_ex.o
 .debug_loc     0x00011d13      0x4df build/sd_diskio.o
 .debug_loc     0x000121f2       0xd3 build/i2c.o
 .debug_loc     0x000122c5       0x20 build/rtc.o
 .debug_loc     0x000122e5       0xd3 build/usart.o
 .debug_loc     0x000123b8       0xb3 build/sdio.o
 .debug_loc     0x0001246b       0x39 build/gpio.o
 .debug_loc     0x000124a4      0x192 build/tim.o

.debug_aranges  0x00000000     0x1360
 .debug_aranges
                0x00000000      0x168 build/stm32f4xx_hal_sd.o
 .debug_aranges
                0x00000168       0x20 build/fatfs_platform.o
 .debug_aranges
                0x00000188       0xb8 build/stm32f4xx_hal_rtc.o
 .debug_aranges
                0x00000240       0x90 build/bsp_driver_sd.o
 .debug_aranges
                0x000002d0       0x58 build/stm32f4xx_hal_gpio.o
 .debug_aranges
                0x00000328       0x28 build/system_stm32f4xx.o
 .debug_aranges
                0x00000350       0x20 build/stm32f4xx_hal_msp.o
 .debug_aranges
                0x00000370      0x368 build/stm32f4xx_hal_tim.o
 .debug_aranges
                0x000006d8       0x48 build/stm32f4xx_hal_rcc_ex.o
 .debug_aranges
                0x00000720       0x90 build/stm32f4xx_hal_dma.o
 .debug_aranges
                0x000007b0       0x30 build/main.o
 .debug_aranges
                0x000007e0       0x40 build/ff_gen_drv.o
 .debug_aranges
                0x00000820       0xe0 build/stm32f4xx_hal.o
 .debug_aranges
                0x00000900       0x88 build/stm32f4xx_hal_rcc.o
 .debug_aranges
                0x00000988       0xa8 build/stm32f4xx_hal_cortex.o
 .debug_aranges
                0x00000a30       0x80 build/stm32f4xx_it.o
 .debug_aranges
                0x00000ab0      0x178 build/stm32f4xx_ll_sdmmc.o
 .debug_aranges
                0x00000c28      0x1d0 build/stm32f4xx_hal_uart.o
 .debug_aranges
                0x00000df8      0x268 build/stm32f4xx_hal_i2c.o
 .debug_aranges
                0x00001060       0x28 build/fatfs.o
 .debug_aranges
                0x00001088      0x140 build/stm32f4xx_hal_tim_ex.o
 .debug_aranges
                0x000011c8       0x58 build/sd_diskio.o
 .debug_aranges
                0x00001220       0x30 build/i2c.o
 .debug_aranges
                0x00001250       0x30 build/rtc.o
 .debug_aranges
                0x00001280       0x30 build/usart.o
 .debug_aranges
                0x000012b0       0x30 build/sdio.o
 .debug_aranges
                0x000012e0       0x20 build/gpio.o
 .debug_aranges
                0x00001300       0x38 build/tim.o
 .debug_aranges
                0x00001338       0x28 build/startup_stm32f407xx.o

.debug_ranges   0x00000000     0x1210
 .debug_ranges  0x00000000      0x158 build/stm32f4xx_hal_sd.o
 .debug_ranges  0x00000158       0x10 build/fatfs_platform.o
 .debug_ranges  0x00000168       0xa8 build/stm32f4xx_hal_rtc.o
 .debug_ranges  0x00000210       0x80 build/bsp_driver_sd.o
 .debug_ranges  0x00000290       0x48 build/stm32f4xx_hal_gpio.o
 .debug_ranges  0x000002d8       0x18 build/system_stm32f4xx.o
 .debug_ranges  0x000002f0       0x10 build/stm32f4xx_hal_msp.o
 .debug_ranges  0x00000300      0x358 build/stm32f4xx_hal_tim.o
 .debug_ranges  0x00000658       0x38 build/stm32f4xx_hal_rcc_ex.o
 .debug_ranges  0x00000690       0x80 build/stm32f4xx_hal_dma.o
 .debug_ranges  0x00000710       0x20 build/main.o
 .debug_ranges  0x00000730       0x30 build/ff_gen_drv.o
 .debug_ranges  0x00000760       0xd0 build/stm32f4xx_hal.o
 .debug_ranges  0x00000830       0x90 build/stm32f4xx_hal_rcc.o
 .debug_ranges  0x000008c0       0xf8 build/stm32f4xx_hal_cortex.o
 .debug_ranges  0x000009b8       0x70 build/stm32f4xx_it.o
 .debug_ranges  0x00000a28      0x168 build/stm32f4xx_ll_sdmmc.o
 .debug_ranges  0x00000b90      0x1c0 build/stm32f4xx_hal_uart.o
 .debug_ranges  0x00000d50      0x258 build/stm32f4xx_hal_i2c.o
 .debug_ranges  0x00000fa8       0x18 build/fatfs.o
 .debug_ranges  0x00000fc0      0x130 build/stm32f4xx_hal_tim_ex.o
 .debug_ranges  0x000010f0       0x48 build/sd_diskio.o
 .debug_ranges  0x00001138       0x20 build/i2c.o
 .debug_ranges  0x00001158       0x20 build/rtc.o
 .debug_ranges  0x00001178       0x20 build/usart.o
 .debug_ranges  0x00001198       0x20 build/sdio.o
 .debug_ranges  0x000011b8       0x10 build/gpio.o
 .debug_ranges  0x000011c8       0x28 build/tim.o
 .debug_ranges  0x000011f0       0x20 build/startup_stm32f407xx.o

.debug_line     0x00000000     0x9fd9
 .debug_line    0x00000000      0xaee build/stm32f4xx_hal_sd.o
 .debug_line    0x00000aee      0x25f build/fatfs_platform.o
 .debug_line    0x00000d4d      0x682 build/stm32f4xx_hal_rtc.o
 .debug_line    0x000013cf      0x3b6 build/bsp_driver_sd.o
 .debug_line    0x00001785      0x415 build/stm32f4xx_hal_gpio.o
 .debug_line    0x00001b9a      0x256 build/system_stm32f4xx.o
 .debug_line    0x00001df0      0x266 build/stm32f4xx_hal_msp.o
 .debug_line    0x00002056     0x13e6 build/stm32f4xx_hal_tim.o
 .debug_line    0x0000343c      0x3bb build/stm32f4xx_hal_rcc_ex.o
 .debug_line    0x000037f7      0x5bc build/stm32f4xx_hal_dma.o
 .debug_line    0x00003db3      0x4c0 build/main.o
 .debug_line    0x00004273      0x315 build/ff_gen_drv.o
 .debug_line    0x00004588      0x47a build/stm32f4xx_hal.o
 .debug_line    0x00004a02      0x533 build/stm32f4xx_hal_rcc.o
 .debug_line    0x00004f35      0x49b build/stm32f4xx_hal_cortex.o
 .debug_line    0x000053d0      0x3be build/stm32f4xx_it.o
 .debug_line    0x0000578e      0x6fc build/stm32f4xx_ll_sdmmc.o
 .debug_line    0x00005e8a      0xbd0 build/stm32f4xx_hal_uart.o
 .debug_line    0x00006a5a     0x1482 build/stm32f4xx_hal_i2c.o
 .debug_line    0x00007edc      0x2ea build/fatfs.o
 .debug_line    0x000081c6      0x871 build/stm32f4xx_hal_tim_ex.o
 .debug_line    0x00008a37      0x3ff build/sd_diskio.o
 .debug_line    0x00008e36      0x2dc build/i2c.o
 .debug_line    0x00009112      0x2b0 build/rtc.o
 .debug_line    0x000093c2      0x2fd build/usart.o
 .debug_line    0x000096bf      0x314 build/sdio.o
 .debug_line    0x000099d3      0x26b build/gpio.o
 .debug_line    0x00009c3e      0x327 build/tim.o
 .debug_line    0x00009f65       0x74 build/startup_stm32f407xx.o

.debug_str      0x00000000     0x5ca2
 .debug_str     0x00000000     0x1472 build/stm32f4xx_hal_sd.o
                               0x1587 (size before relaxing)
 .debug_str     0x00001472       0x8b build/fatfs_platform.o
                                0x679 (size before relaxing)
 .debug_str     0x000014fd      0x4c2 build/stm32f4xx_hal_rtc.o
                                0xb67 (size before relaxing)
 .debug_str     0x000019bf      0x17f build/bsp_driver_sd.o
                                0xdb0 (size before relaxing)
 .debug_str     0x00001b3e      0x22a build/stm32f4xx_hal_gpio.o
                                0x912 (size before relaxing)
 .debug_str     0x00001d68       0xa7 build/system_stm32f4xx.o
                                0x776 (size before relaxing)
 .debug_str     0x00001e0f      0x544 build/stm32f4xx_hal_msp.o
                                0xb17 (size before relaxing)
 .debug_str     0x00002353      0xeee build/stm32f4xx_hal_tim.o
                               0x17d7 (size before relaxing)
 .debug_str     0x00003241      0x19e build/stm32f4xx_hal_rcc_ex.o
                                0x8de (size before relaxing)
 .debug_str     0x000033df      0x2bd build/stm32f4xx_hal_dma.o
                                0xb98 (size before relaxing)
 .debug_str     0x0000369c      0x7b3 build/main.o
                               0x1cc0 (size before relaxing)
 .debug_str     0x00003e4f       0xc8 build/ff_gen_drv.o
                                0x744 (size before relaxing)
 .debug_str     0x00003f17      0x2be build/stm32f4xx_hal.o
                                0xf65 (size before relaxing)
 .debug_str     0x000041d5      0x167 build/stm32f4xx_hal_rcc.o
                                0xae5 (size before relaxing)
 .debug_str     0x0000433c      0x357 build/stm32f4xx_hal_cortex.o
                               0x103c (size before relaxing)
 .debug_str     0x00004693       0xfc build/stm32f4xx_it.o
                                0xefc (size before relaxing)
 .debug_str     0x0000478f      0x1f9 build/stm32f4xx_ll_sdmmc.o
                                0xbf9 (size before relaxing)
 .debug_str     0x00004988      0x51f build/stm32f4xx_hal_uart.o
                               0x1014 (size before relaxing)
 .debug_str     0x00004ea7      0x7bd build/stm32f4xx_hal_i2c.o
                               0x1358 (size before relaxing)
 .debug_str     0x00005664       0x18 build/fatfs.o
                                0x7b8 (size before relaxing)
 .debug_str     0x0000567c      0x50a build/stm32f4xx_hal_tim_ex.o
                               0x1097 (size before relaxing)
 .debug_str     0x00005b86       0xa5 build/sd_diskio.o
                                0x821 (size before relaxing)
 .debug_str     0x00005c2b       0x14 build/i2c.o
                                0xcc6 (size before relaxing)
 .debug_str     0x00005c3f       0x14 build/rtc.o
                                0x877 (size before relaxing)
 .debug_str     0x00005c53       0x17 build/usart.o
                               0x1114 (size before relaxing)
 .debug_str     0x00005c6a       0x14 build/sdio.o
                               0x1166 (size before relaxing)
 .debug_str     0x00005c7e        0xb build/gpio.o
                                0x7ab (size before relaxing)
 .debug_str     0x00005c89       0x19 build/tim.o
                               0x112f (size before relaxing)

.comment        0x00000000       0x7f
 .comment       0x00000000       0x7f build/stm32f4xx_hal_sd.o
                                 0x80 (size before relaxing)
 .comment       0x0000007f       0x80 build/fatfs_platform.o
 .comment       0x0000007f       0x80 build/stm32f4xx_hal_rtc.o
 .comment       0x0000007f       0x80 build/bsp_driver_sd.o
 .comment       0x0000007f       0x80 build/stm32f4xx_hal_gpio.o
 .comment       0x0000007f       0x80 build/system_stm32f4xx.o
 .comment       0x0000007f       0x80 build/stm32f4xx_hal_msp.o
 .comment       0x0000007f       0x80 build/stm32f4xx_hal_tim.o
 .comment       0x0000007f       0x80 build/stm32f4xx_hal_rcc_ex.o
 .comment       0x0000007f       0x80 build/stm32f4xx_hal_dma.o
 .comment       0x0000007f       0x80 build/main.o
 .comment       0x0000007f       0x80 build/ff_gen_drv.o
 .comment       0x0000007f       0x80 build/stm32f4xx_hal.o
 .comment       0x0000007f       0x80 build/stm32f4xx_hal_rcc.o
 .comment       0x0000007f       0x80 build/stm32f4xx_hal_cortex.o
 .comment       0x0000007f       0x80 build/stm32f4xx_it.o
 .comment       0x0000007f       0x80 build/stm32f4xx_ll_sdmmc.o
 .comment       0x0000007f       0x80 build/stm32f4xx_hal_uart.o
 .comment       0x0000007f       0x80 build/stm32f4xx_hal_i2c.o
 .comment       0x0000007f       0x80 build/fatfs.o
 .comment       0x0000007f       0x80 build/stm32f4xx_hal_tim_ex.o
 .comment       0x0000007f       0x80 build/sd_diskio.o
 .comment       0x0000007f       0x80 build/i2c.o
 .comment       0x0000007f       0x80 build/rtc.o
 .comment       0x0000007f       0x80 build/usart.o
 .comment       0x0000007f       0x80 build/sdio.o
 .comment       0x0000007f       0x80 build/gpio.o
 .comment       0x0000007f       0x80 build/tim.o

.debug_frame    0x00000000     0x3aa8
 .debug_frame   0x00000000      0x54c build/stm32f4xx_hal_sd.o
 .debug_frame   0x0000054c       0x2c build/fatfs_platform.o
 .debug_frame   0x00000578      0x250 build/stm32f4xx_hal_rtc.o
 .debug_frame   0x000007c8      0x190 build/bsp_driver_sd.o
 .debug_frame   0x00000958       0xe4 build/stm32f4xx_hal_gpio.o
 .debug_frame   0x00000a3c       0x30 build/system_stm32f4xx.o
 .debug_frame   0x00000a6c       0x2c build/stm32f4xx_hal_msp.o
 .debug_frame   0x00000a98      0xb18 build/stm32f4xx_hal_tim.o
 .debug_frame   0x000015b0       0xb4 build/stm32f4xx_hal_rcc_ex.o
 .debug_frame   0x00001664      0x1a8 build/stm32f4xx_hal_dma.o
 .debug_frame   0x0000180c       0x60 build/main.o
 .debug_frame   0x0000186c       0x88 build/ff_gen_drv.o
 .debug_frame   0x000018f4      0x1e0 build/stm32f4xx_hal.o
 .debug_frame   0x00001ad4      0x1ac build/stm32f4xx_hal_rcc.o
 .debug_frame   0x00001c80      0x16c build/stm32f4xx_hal_cortex.o
 .debug_frame   0x00001dec      0x11c build/stm32f4xx_it.o
 .debug_frame   0x00001f08      0x4ec build/stm32f4xx_ll_sdmmc.o
 .debug_frame   0x000023f4      0x57c build/stm32f4xx_hal_uart.o
 .debug_frame   0x00002970      0x95c build/stm32f4xx_hal_i2c.o
 .debug_frame   0x000032cc       0x3c build/fatfs.o
 .debug_frame   0x00003308      0x3f0 build/stm32f4xx_hal_tim_ex.o
 .debug_frame   0x000036f8       0xe0 build/sd_diskio.o
 .debug_frame   0x000037d8       0x64 build/i2c.o
 .debug_frame   0x0000383c       0x4c build/rtc.o
 .debug_frame   0x00003888       0x68 build/usart.o
 .debug_frame   0x000038f0       0x64 build/sdio.o
 .debug_frame   0x00003954       0x3c build/gpio.o
 .debug_frame   0x00003990       0x8c build/tim.o
 .debug_frame   0x00003a1c       0x2c c:/program files (x86)/gnu tools arm embedded/6 2017-q2-update/bin/../lib/gcc/arm-none-eabi/6.3.1/../../../../arm-none-eabi/lib/thumb/v7e-m/fpv4-sp/hard\libc_nano.a(lib_a-init.o)
 .debug_frame   0x00003a48       0x2c c:/program files (x86)/gnu tools arm embedded/6 2017-q2-update/bin/../lib/gcc/arm-none-eabi/6.3.1/thumb/v7e-m/fpv4-sp/hard\libgcc.a(_aeabi_uldivmod.o)
 .debug_frame   0x00003a74       0x34 c:/program files (x86)/gnu tools arm embedded/6 2017-q2-update/bin/../lib/gcc/arm-none-eabi/6.3.1/thumb/v7e-m/fpv4-sp/hard\libgcc.a(_udivmoddi4.o)

Cross Reference Table

Symbol                                            File
ADC_IRQHandler                                    build/startup_stm32f407xx.o
AHBPrescTable                                     build/system_stm32f4xx.o
                                                  build/stm32f4xx_hal_rcc.o
APBPrescTable                                     build/system_stm32f4xx.o
                                                  build/stm32f4xx_hal_rcc.o
BSP_PlatformIsDetected                            build/fatfs_platform.o
                                                  build/bsp_driver_sd.o
BSP_SD_DMA_Rx_IRQHandler                          build/bsp_driver_sd.o
BSP_SD_DMA_Tx_IRQHandler                          build/bsp_driver_sd.o
BSP_SD_DetectCallback                             build/bsp_driver_sd.o
BSP_SD_DetectIT                                   build/bsp_driver_sd.o
BSP_SD_Erase                                      build/bsp_driver_sd.o
BSP_SD_GetCardInfo                                build/bsp_driver_sd.o
                                                  build/sd_diskio.o
BSP_SD_GetCardState                               build/bsp_driver_sd.o
                                                  build/sd_diskio.o
BSP_SD_IRQHandler                                 build/bsp_driver_sd.o
BSP_SD_ITConfig                                   build/bsp_driver_sd.o
BSP_SD_Init                                       build/bsp_driver_sd.o
                                                  build/sd_diskio.o
BSP_SD_IsDetected                                 build/bsp_driver_sd.o
BSP_SD_ReadBlocks                                 build/bsp_driver_sd.o
BSP_SD_ReadBlocks_DMA                             build/bsp_driver_sd.o
                                                  build/sd_diskio.o
BSP_SD_ReadCpltCallback                           build/sd_diskio.o
BSP_SD_WriteBlocks                                build/bsp_driver_sd.o
BSP_SD_WriteBlocks_DMA                            build/bsp_driver_sd.o
                                                  build/sd_diskio.o
BSP_SD_WriteCpltCallback                          build/sd_diskio.o
BusFault_Handler                                  build/stm32f4xx_it.o
CAN1_RX0_IRQHandler                               build/startup_stm32f407xx.o
CAN1_RX1_IRQHandler                               build/startup_stm32f407xx.o
CAN1_SCE_IRQHandler                               build/startup_stm32f407xx.o
CAN1_TX_IRQHandler                                build/startup_stm32f407xx.o
CAN2_RX0_IRQHandler                               build/startup_stm32f407xx.o
CAN2_RX1_IRQHandler                               build/startup_stm32f407xx.o
CAN2_SCE_IRQHandler                               build/startup_stm32f407xx.o
CAN2_TX_IRQHandler                                build/startup_stm32f407xx.o
DCMI_IRQHandler                                   build/startup_stm32f407xx.o
DMA1_Stream0_IRQHandler                           build/startup_stm32f407xx.o
DMA1_Stream1_IRQHandler                           build/startup_stm32f407xx.o
DMA1_Stream2_IRQHandler                           build/startup_stm32f407xx.o
DMA1_Stream3_IRQHandler                           build/startup_stm32f407xx.o
DMA1_Stream4_IRQHandler                           build/startup_stm32f407xx.o
DMA1_Stream5_IRQHandler                           build/startup_stm32f407xx.o
DMA1_Stream6_IRQHandler                           build/startup_stm32f407xx.o
DMA1_Stream7_IRQHandler                           build/startup_stm32f407xx.o
DMA2_Stream0_IRQHandler                           build/startup_stm32f407xx.o
DMA2_Stream1_IRQHandler                           build/startup_stm32f407xx.o
DMA2_Stream2_IRQHandler                           build/startup_stm32f407xx.o
DMA2_Stream3_IRQHandler                           build/startup_stm32f407xx.o
DMA2_Stream4_IRQHandler                           build/startup_stm32f407xx.o
DMA2_Stream5_IRQHandler                           build/startup_stm32f407xx.o
DMA2_Stream6_IRQHandler                           build/startup_stm32f407xx.o
DMA2_Stream7_IRQHandler                           build/startup_stm32f407xx.o
DebugMon_Handler                                  build/stm32f4xx_it.o
Default_Handler                                   build/startup_stm32f407xx.o
ETH_IRQHandler                                    build/startup_stm32f407xx.o
ETH_WKUP_IRQHandler                               build/startup_stm32f407xx.o
EXTI0_IRQHandler                                  build/startup_stm32f407xx.o
EXTI15_10_IRQHandler                              build/startup_stm32f407xx.o
EXTI1_IRQHandler                                  build/startup_stm32f407xx.o
EXTI2_IRQHandler                                  build/startup_stm32f407xx.o
EXTI3_IRQHandler                                  build/startup_stm32f407xx.o
EXTI4_IRQHandler                                  build/startup_stm32f407xx.o
EXTI9_5_IRQHandler                                build/startup_stm32f407xx.o
FATFS_GetAttachedDriversNbr                       build/ff_gen_drv.o
FATFS_LinkDriver                                  build/ff_gen_drv.o
                                                  build/fatfs.o
FATFS_LinkDriverEx                                build/ff_gen_drv.o
FATFS_UnLinkDriver                                build/ff_gen_drv.o
FATFS_UnLinkDriverEx                              build/ff_gen_drv.o
FLASH_Erase_Sector                                build/stm32f4xx_hal_flash_ex.o
                                                  build/stm32f4xx_hal_flash.o
FLASH_FlushCaches                                 build/stm32f4xx_hal_flash_ex.o
                                                  build/stm32f4xx_hal_flash.o
FLASH_IRQHandler                                  build/startup_stm32f407xx.o
FLASH_WaitForLastOperation                        build/stm32f4xx_hal_flash.o
                                                  build/stm32f4xx_hal_flash_ex.o
FPU_IRQHandler                                    build/startup_stm32f407xx.o
FSMC_IRQHandler                                   build/startup_stm32f407xx.o
HAL_DBGMCU_DisableDBGSleepMode                    build/stm32f4xx_hal.o
HAL_DBGMCU_DisableDBGStandbyMode                  build/stm32f4xx_hal.o
HAL_DBGMCU_DisableDBGStopMode                     build/stm32f4xx_hal.o
HAL_DBGMCU_EnableDBGSleepMode                     build/stm32f4xx_hal.o
HAL_DBGMCU_EnableDBGStandbyMode                   build/stm32f4xx_hal.o
HAL_DBGMCU_EnableDBGStopMode                      build/stm32f4xx_hal.o
HAL_DMAEx_ChangeMemory                            build/stm32f4xx_hal_dma_ex.o
HAL_DMAEx_MultiBufferStart                        build/stm32f4xx_hal_dma_ex.o
HAL_DMAEx_MultiBufferStart_IT                     build/stm32f4xx_hal_dma_ex.o
HAL_DMA_Abort                                     build/stm32f4xx_hal_dma.o
                                                  build/stm32f4xx_hal_uart.o
                                                  build/stm32f4xx_hal_tim.o
                                                  build/stm32f4xx_hal_sd.o
HAL_DMA_Abort_IT                                  build/stm32f4xx_hal_dma.o
                                                  build/stm32f4xx_hal_i2c.o
                                                  build/stm32f4xx_hal_uart.o
                                                  build/stm32f4xx_hal_sd.o
HAL_DMA_DeInit                                    build/stm32f4xx_hal_dma.o
HAL_DMA_GetError                                  build/stm32f4xx_hal_dma.o
                                                  build/stm32f4xx_hal_i2c.o
HAL_DMA_GetState                                  build/stm32f4xx_hal_dma.o
HAL_DMA_IRQHandler                                build/stm32f4xx_hal_dma.o
                                                  build/bsp_driver_sd.o
HAL_DMA_Init                                      build/stm32f4xx_hal_dma.o
HAL_DMA_PollForTransfer                           build/stm32f4xx_hal_dma.o
HAL_DMA_RegisterCallback                          build/stm32f4xx_hal_dma.o
HAL_DMA_Start                                     build/stm32f4xx_hal_dma.o
HAL_DMA_Start_IT                                  build/stm32f4xx_hal_dma.o
                                                  build/stm32f4xx_hal_tim_ex.o
                                                  build/stm32f4xx_hal_i2c.o
                                                  build/stm32f4xx_hal_uart.o
                                                  build/stm32f4xx_hal_tim.o
                                                  build/stm32f4xx_hal_sd.o
HAL_DMA_UnRegisterCallback                        build/stm32f4xx_hal_dma.o
HAL_DeInit                                        build/stm32f4xx_hal.o
HAL_Delay                                         build/stm32f4xx_hal.o
                                                  build/bq27421.o
                                                  build/stm32f4xx_hal_sd.o
HAL_DisableCompensationCell                       build/stm32f4xx_hal.o
HAL_EnableCompensationCell                        build/stm32f4xx_hal.o
HAL_FLASHEx_Erase                                 build/stm32f4xx_hal_flash_ex.o
HAL_FLASHEx_Erase_IT                              build/stm32f4xx_hal_flash_ex.o
HAL_FLASHEx_OBGetConfig                           build/stm32f4xx_hal_flash_ex.o
HAL_FLASHEx_OBProgram                             build/stm32f4xx_hal_flash_ex.o
HAL_FLASH_EndOfOperationCallback                  build/stm32f4xx_hal_flash.o
HAL_FLASH_GetError                                build/stm32f4xx_hal_flash.o
HAL_FLASH_IRQHandler                              build/stm32f4xx_hal_flash.o
HAL_FLASH_Lock                                    build/stm32f4xx_hal_flash.o
HAL_FLASH_OB_Launch                               build/stm32f4xx_hal_flash.o
HAL_FLASH_OB_Lock                                 build/stm32f4xx_hal_flash.o
HAL_FLASH_OB_Unlock                               build/stm32f4xx_hal_flash.o
HAL_FLASH_OperationErrorCallback                  build/stm32f4xx_hal_flash.o
HAL_FLASH_Program                                 build/stm32f4xx_hal_flash.o
HAL_FLASH_Program_IT                              build/stm32f4xx_hal_flash.o
HAL_FLASH_Unlock                                  build/stm32f4xx_hal_flash.o
HAL_GPIO_DeInit                                   build/stm32f4xx_hal_gpio.o
                                                  build/sdio.o
                                                  build/usart.o
                                                  build/i2c.o
HAL_GPIO_EXTI_Callback                            build/stm32f4xx_hal_gpio.o
HAL_GPIO_EXTI_IRQHandler                          build/stm32f4xx_hal_gpio.o
HAL_GPIO_Init                                     build/stm32f4xx_hal_gpio.o
                                                  build/gpio.o
                                                  build/sdio.o
                                                  build/usart.o
                                                  build/i2c.o
                                                  build/stm32f4xx_hal_rcc.o
HAL_GPIO_LockPin                                  build/stm32f4xx_hal_gpio.o
HAL_GPIO_ReadPin                                  build/stm32f4xx_hal_gpio.o
                                                  build/fatfs_platform.o
HAL_GPIO_TogglePin                                build/stm32f4xx_hal_gpio.o
HAL_GPIO_WritePin                                 build/stm32f4xx_hal_gpio.o
                                                  build/gpio.o
HAL_GetDEVID                                      build/stm32f4xx_hal.o
HAL_GetHalVersion                                 build/stm32f4xx_hal.o
HAL_GetREVID                                      build/stm32f4xx_hal.o
HAL_GetTick                                       build/stm32f4xx_hal.o
                                                  build/sd_diskio.o
                                                  build/stm32f4xx_hal_i2c.o
                                                  build/stm32f4xx_hal_uart.o
                                                  build/stm32f4xx_hal_flash.o
                                                  build/stm32f4xx_hal_rcc.o
                                                  build/stm32f4xx_hal_pwr_ex.o
                                                  build/stm32f4xx_hal_dma.o
                                                  build/stm32f4xx_hal_rcc_ex.o
                                                  build/stm32f4xx_hal_rtc_ex.o
                                                  build/stm32f4xx_hal_rtc.o
                                                  build/stm32f4xx_hal_sd.o
HAL_GetTickFreq                                   build/stm32f4xx_hal.o
HAL_GetTickPrio                                   build/stm32f4xx_hal.o
HAL_GetUID                                        build/stm32f4xx_hal.o
HAL_HalfDuplex_EnableReceiver                     build/stm32f4xx_hal_uart.o
HAL_HalfDuplex_EnableTransmitter                  build/stm32f4xx_hal_uart.o
HAL_HalfDuplex_Init                               build/stm32f4xx_hal_uart.o
HAL_I2C_AbortCpltCallback                         build/stm32f4xx_hal_i2c.o
HAL_I2C_AddrCallback                              build/stm32f4xx_hal_i2c.o
HAL_I2C_DeInit                                    build/stm32f4xx_hal_i2c.o
HAL_I2C_DisableListen_IT                          build/stm32f4xx_hal_i2c.o
HAL_I2C_ER_IRQHandler                             build/stm32f4xx_hal_i2c.o
HAL_I2C_EV_IRQHandler                             build/stm32f4xx_hal_i2c.o
HAL_I2C_EnableListen_IT                           build/stm32f4xx_hal_i2c.o
HAL_I2C_ErrorCallback                             build/stm32f4xx_hal_i2c.o
HAL_I2C_GetError                                  build/stm32f4xx_hal_i2c.o
HAL_I2C_GetMode                                   build/stm32f4xx_hal_i2c.o
HAL_I2C_GetState                                  build/stm32f4xx_hal_i2c.o
HAL_I2C_Init                                      build/stm32f4xx_hal_i2c.o
                                                  build/i2c.o
HAL_I2C_IsDeviceReady                             build/stm32f4xx_hal_i2c.o
HAL_I2C_ListenCpltCallback                        build/stm32f4xx_hal_i2c.o
HAL_I2C_MasterRxCpltCallback                      build/stm32f4xx_hal_i2c.o
HAL_I2C_MasterTxCpltCallback                      build/stm32f4xx_hal_i2c.o
HAL_I2C_Master_Abort_IT                           build/stm32f4xx_hal_i2c.o
HAL_I2C_Master_Receive                            build/stm32f4xx_hal_i2c.o
                                                  build/bq24157.o
                                                  build/bq27421.o
HAL_I2C_Master_Receive_DMA                        build/stm32f4xx_hal_i2c.o
HAL_I2C_Master_Receive_IT                         build/stm32f4xx_hal_i2c.o
HAL_I2C_Master_Sequential_Receive_IT              build/stm32f4xx_hal_i2c.o
HAL_I2C_Master_Sequential_Transmit_IT             build/stm32f4xx_hal_i2c.o
HAL_I2C_Master_Transmit                           build/stm32f4xx_hal_i2c.o
                                                  build/bq24157.o
                                                  build/bq27421.o
HAL_I2C_Master_Transmit_DMA                       build/stm32f4xx_hal_i2c.o
HAL_I2C_Master_Transmit_IT                        build/stm32f4xx_hal_i2c.o
HAL_I2C_MemRxCpltCallback                         build/stm32f4xx_hal_i2c.o
HAL_I2C_MemTxCpltCallback                         build/stm32f4xx_hal_i2c.o
HAL_I2C_Mem_Read                                  build/stm32f4xx_hal_i2c.o
HAL_I2C_Mem_Read_DMA                              build/stm32f4xx_hal_i2c.o
HAL_I2C_Mem_Read_IT                               build/stm32f4xx_hal_i2c.o
HAL_I2C_Mem_Write                                 build/stm32f4xx_hal_i2c.o
HAL_I2C_Mem_Write_DMA                             build/stm32f4xx_hal_i2c.o
HAL_I2C_Mem_Write_IT                              build/stm32f4xx_hal_i2c.o
HAL_I2C_MspDeInit                                 build/i2c.o
                                                  build/stm32f4xx_hal_i2c.o
HAL_I2C_MspInit                                   build/i2c.o
                                                  build/stm32f4xx_hal_i2c.o
HAL_I2C_SlaveRxCpltCallback                       build/stm32f4xx_hal_i2c.o
HAL_I2C_SlaveTxCpltCallback                       build/stm32f4xx_hal_i2c.o
HAL_I2C_Slave_Receive                             build/stm32f4xx_hal_i2c.o
HAL_I2C_Slave_Receive_DMA                         build/stm32f4xx_hal_i2c.o
HAL_I2C_Slave_Receive_IT                          build/stm32f4xx_hal_i2c.o
HAL_I2C_Slave_Sequential_Receive_IT               build/stm32f4xx_hal_i2c.o
HAL_I2C_Slave_Sequential_Transmit_IT              build/stm32f4xx_hal_i2c.o
HAL_I2C_Slave_Transmit                            build/stm32f4xx_hal_i2c.o
HAL_I2C_Slave_Transmit_DMA                        build/stm32f4xx_hal_i2c.o
HAL_I2C_Slave_Transmit_IT                         build/stm32f4xx_hal_i2c.o
HAL_IncTick                                       build/stm32f4xx_hal.o
                                                  build/stm32f4xx_it.o
HAL_Init                                          build/stm32f4xx_hal.o
                                                  build/main.o
HAL_InitTick                                      build/stm32f4xx_hal.o
                                                  build/stm32f4xx_hal_rcc.o
                                                  build/stm32f4xx_hal_rcc_ex.o
HAL_LIN_Init                                      build/stm32f4xx_hal_uart.o
HAL_LIN_SendBreak                                 build/stm32f4xx_hal_uart.o
HAL_MPU_ConfigRegion                              build/stm32f4xx_hal_cortex.o
HAL_MPU_Disable                                   build/stm32f4xx_hal_cortex.o
HAL_MPU_Enable                                    build/stm32f4xx_hal_cortex.o
HAL_MspDeInit                                     build/stm32f4xx_hal.o
HAL_MspInit                                       build/stm32f4xx_hal_msp.o
HAL_MultiProcessor_EnterMuteMode                  build/stm32f4xx_hal_uart.o
HAL_MultiProcessor_ExitMuteMode                   build/stm32f4xx_hal_uart.o
HAL_MultiProcessor_Init                           build/stm32f4xx_hal_uart.o
HAL_NVIC_ClearPendingIRQ                          build/stm32f4xx_hal_cortex.o
HAL_NVIC_DisableIRQ                               build/stm32f4xx_hal_cortex.o
                                                  build/tim.o
                                                  build/sdio.o
                                                  build/usart.o
HAL_NVIC_EnableIRQ                                build/stm32f4xx_hal_cortex.o
                                                  build/tim.o
                                                  build/sdio.o
                                                  build/usart.o
HAL_NVIC_GetActive                                build/stm32f4xx_hal_cortex.o
HAL_NVIC_GetPendingIRQ                            build/stm32f4xx_hal_cortex.o
HAL_NVIC_GetPriority                              build/stm32f4xx_hal_cortex.o
HAL_NVIC_GetPriorityGrouping                      build/stm32f4xx_hal_cortex.o
HAL_NVIC_SetPendingIRQ                            build/stm32f4xx_hal_cortex.o
HAL_NVIC_SetPriority                              build/stm32f4xx_hal_cortex.o
                                                  build/tim.o
                                                  build/sdio.o
                                                  build/usart.o
                                                  build/stm32f4xx_hal.o
                                                  build/main.o
                                                  build/stm32f4xx_hal_msp.o
HAL_NVIC_SetPriorityGrouping                      build/stm32f4xx_hal_cortex.o
                                                  build/stm32f4xx_hal.o
                                                  build/stm32f4xx_hal_msp.o
HAL_NVIC_SystemReset                              build/stm32f4xx_hal_cortex.o
HAL_PWREx_ControlVoltageScaling                   build/stm32f4xx_hal_pwr_ex.o
HAL_PWREx_DisableBkUpReg                          build/stm32f4xx_hal_pwr_ex.o
HAL_PWREx_DisableFlashPowerDown                   build/stm32f4xx_hal_pwr_ex.o
HAL_PWREx_EnableBkUpReg                           build/stm32f4xx_hal_pwr_ex.o
HAL_PWREx_EnableFlashPowerDown                    build/stm32f4xx_hal_pwr_ex.o
HAL_PWREx_GetVoltageRange                         build/stm32f4xx_hal_pwr_ex.o
HAL_PWR_ConfigPVD                                 build/stm32f4xx_hal_pwr.o
HAL_PWR_DeInit                                    build/stm32f4xx_hal_pwr.o
HAL_PWR_DisableBkUpAccess                         build/stm32f4xx_hal_pwr.o
HAL_PWR_DisablePVD                                build/stm32f4xx_hal_pwr.o
HAL_PWR_DisableSEVOnPend                          build/stm32f4xx_hal_pwr.o
HAL_PWR_DisableSleepOnExit                        build/stm32f4xx_hal_pwr.o
HAL_PWR_DisableWakeUpPin                          build/stm32f4xx_hal_pwr.o
HAL_PWR_EnableBkUpAccess                          build/stm32f4xx_hal_pwr.o
HAL_PWR_EnablePVD                                 build/stm32f4xx_hal_pwr.o
HAL_PWR_EnableSEVOnPend                           build/stm32f4xx_hal_pwr.o
HAL_PWR_EnableSleepOnExit                         build/stm32f4xx_hal_pwr.o
HAL_PWR_EnableWakeUpPin                           build/stm32f4xx_hal_pwr.o
HAL_PWR_EnterSLEEPMode                            build/stm32f4xx_hal_pwr.o
HAL_PWR_EnterSTANDBYMode                          build/stm32f4xx_hal_pwr.o
HAL_PWR_EnterSTOPMode                             build/stm32f4xx_hal_pwr.o
HAL_PWR_PVDCallback                               build/stm32f4xx_hal_pwr.o
HAL_PWR_PVD_IRQHandler                            build/stm32f4xx_hal_pwr.o
HAL_RCCEx_DisablePLLI2S                           build/stm32f4xx_hal_rcc_ex.o
HAL_RCCEx_EnablePLLI2S                            build/stm32f4xx_hal_rcc_ex.o
HAL_RCCEx_GetPeriphCLKConfig                      build/stm32f4xx_hal_rcc_ex.o
HAL_RCCEx_GetPeriphCLKFreq                        build/stm32f4xx_hal_rcc_ex.o
HAL_RCCEx_PeriphCLKConfig                         build/stm32f4xx_hal_rcc_ex.o
                                                  build/main.o
HAL_RCC_CSSCallback                               build/stm32f4xx_hal_rcc.o
HAL_RCC_ClockConfig                               build/stm32f4xx_hal_rcc.o
                                                  build/main.o
HAL_RCC_DeInit                                    build/stm32f4xx_hal_rcc_ex.o
HAL_RCC_DisableCSS                                build/stm32f4xx_hal_rcc.o
HAL_RCC_EnableCSS                                 build/stm32f4xx_hal_rcc.o
HAL_RCC_GetClockConfig                            build/stm32f4xx_hal_rcc.o
HAL_RCC_GetHCLKFreq                               build/stm32f4xx_hal_rcc.o
                                                  build/main.o
HAL_RCC_GetOscConfig                              build/stm32f4xx_hal_rcc.o
HAL_RCC_GetPCLK1Freq                              build/stm32f4xx_hal_rcc.o
                                                  build/stm32f4xx_hal_i2c.o
                                                  build/stm32f4xx_hal_uart.o
HAL_RCC_GetPCLK2Freq                              build/stm32f4xx_hal_rcc.o
                                                  build/stm32f4xx_hal_uart.o
HAL_RCC_GetSysClockFreq                           build/stm32f4xx_hal_rcc.o
HAL_RCC_MCOConfig                                 build/stm32f4xx_hal_rcc.o
HAL_RCC_NMI_IRQHandler                            build/stm32f4xx_hal_rcc.o
HAL_RCC_OscConfig                                 build/stm32f4xx_hal_rcc.o
                                                  build/main.o
HAL_RTCEx_AlarmBEventCallback                     build/stm32f4xx_hal_rtc_ex.o
                                                  build/stm32f4xx_hal_rtc.o
HAL_RTCEx_BKUPRead                                build/stm32f4xx_hal_rtc_ex.o
HAL_RTCEx_BKUPWrite                               build/stm32f4xx_hal_rtc_ex.o
HAL_RTCEx_DeactivateCalibrationOutPut             build/stm32f4xx_hal_rtc_ex.o
HAL_RTCEx_DeactivateCoarseCalib                   build/stm32f4xx_hal_rtc_ex.o
HAL_RTCEx_DeactivateRefClock                      build/stm32f4xx_hal_rtc_ex.o
HAL_RTCEx_DeactivateTamper                        build/stm32f4xx_hal_rtc_ex.o
HAL_RTCEx_DeactivateTimeStamp                     build/stm32f4xx_hal_rtc_ex.o
HAL_RTCEx_DeactivateWakeUpTimer                   build/stm32f4xx_hal_rtc_ex.o
HAL_RTCEx_DisableBypassShadow                     build/stm32f4xx_hal_rtc_ex.o
HAL_RTCEx_EnableBypassShadow                      build/stm32f4xx_hal_rtc_ex.o
HAL_RTCEx_GetTimeStamp                            build/stm32f4xx_hal_rtc_ex.o
HAL_RTCEx_GetWakeUpTimer                          build/stm32f4xx_hal_rtc_ex.o
HAL_RTCEx_PollForAlarmBEvent                      build/stm32f4xx_hal_rtc_ex.o
HAL_RTCEx_PollForTamper1Event                     build/stm32f4xx_hal_rtc_ex.o
HAL_RTCEx_PollForTamper2Event                     build/stm32f4xx_hal_rtc_ex.o
HAL_RTCEx_PollForTimeStampEvent                   build/stm32f4xx_hal_rtc_ex.o
HAL_RTCEx_PollForWakeUpTimerEvent                 build/stm32f4xx_hal_rtc_ex.o
HAL_RTCEx_SetCalibrationOutPut                    build/stm32f4xx_hal_rtc_ex.o
HAL_RTCEx_SetCoarseCalib                          build/stm32f4xx_hal_rtc_ex.o
HAL_RTCEx_SetRefClock                             build/stm32f4xx_hal_rtc_ex.o
HAL_RTCEx_SetSmoothCalib                          build/stm32f4xx_hal_rtc_ex.o
HAL_RTCEx_SetSynchroShift                         build/stm32f4xx_hal_rtc_ex.o
HAL_RTCEx_SetTamper                               build/stm32f4xx_hal_rtc_ex.o
HAL_RTCEx_SetTamper_IT                            build/stm32f4xx_hal_rtc_ex.o
HAL_RTCEx_SetTimeStamp                            build/stm32f4xx_hal_rtc_ex.o
HAL_RTCEx_SetTimeStamp_IT                         build/stm32f4xx_hal_rtc_ex.o
HAL_RTCEx_SetWakeUpTimer                          build/stm32f4xx_hal_rtc_ex.o
HAL_RTCEx_SetWakeUpTimer_IT                       build/stm32f4xx_hal_rtc_ex.o
HAL_RTCEx_Tamper1EventCallback                    build/stm32f4xx_hal_rtc_ex.o
HAL_RTCEx_Tamper2EventCallback                    build/stm32f4xx_hal_rtc_ex.o
HAL_RTCEx_TamperTimeStampIRQHandler               build/stm32f4xx_hal_rtc_ex.o
HAL_RTCEx_TimeStampEventCallback                  build/stm32f4xx_hal_rtc_ex.o
HAL_RTCEx_WakeUpTimerEventCallback                build/stm32f4xx_hal_rtc_ex.o
HAL_RTCEx_WakeUpTimerIRQHandler                   build/stm32f4xx_hal_rtc_ex.o
HAL_RTC_AlarmAEventCallback                       build/stm32f4xx_hal_rtc.o
HAL_RTC_AlarmIRQHandler                           build/stm32f4xx_hal_rtc.o
HAL_RTC_DeInit                                    build/stm32f4xx_hal_rtc.o
HAL_RTC_DeactivateAlarm                           build/stm32f4xx_hal_rtc.o
HAL_RTC_GetAlarm                                  build/stm32f4xx_hal_rtc.o
HAL_RTC_GetDate                                   build/stm32f4xx_hal_rtc.o
HAL_RTC_GetState                                  build/stm32f4xx_hal_rtc.o
HAL_RTC_GetTime                                   build/stm32f4xx_hal_rtc.o
HAL_RTC_Init                                      build/stm32f4xx_hal_rtc.o
                                                  build/rtc.o
HAL_RTC_MspDeInit                                 build/rtc.o
                                                  build/stm32f4xx_hal_rtc.o
HAL_RTC_MspInit                                   build/rtc.o
                                                  build/stm32f4xx_hal_rtc.o
HAL_RTC_PollForAlarmAEvent                        build/stm32f4xx_hal_rtc.o
HAL_RTC_SetAlarm                                  build/stm32f4xx_hal_rtc.o
HAL_RTC_SetAlarm_IT                               build/stm32f4xx_hal_rtc.o
HAL_RTC_SetDate                                   build/stm32f4xx_hal_rtc.o
HAL_RTC_SetTime                                   build/stm32f4xx_hal_rtc.o
HAL_RTC_WaitForSynchro                            build/stm32f4xx_hal_rtc.o
                                                  build/stm32f4xx_hal_rtc_ex.o
HAL_ResumeTick                                    build/stm32f4xx_hal.o
HAL_SD_Abort                                      build/stm32f4xx_hal_sd.o
HAL_SD_AbortCallback                              build/stm32f4xx_hal_sd.o
HAL_SD_Abort_IT                                   build/stm32f4xx_hal_sd.o
HAL_SD_ConfigWideBusOperation                     build/stm32f4xx_hal_sd.o
HAL_SD_DeInit                                     build/stm32f4xx_hal_sd.o
HAL_SD_Erase                                      build/stm32f4xx_hal_sd.o
                                                  build/bsp_driver_sd.o
HAL_SD_ErrorCallback                              build/stm32f4xx_hal_sd.o
HAL_SD_GetCardCID                                 build/stm32f4xx_hal_sd.o
HAL_SD_GetCardCSD                                 build/stm32f4xx_hal_sd.o
HAL_SD_GetCardInfo                                build/stm32f4xx_hal_sd.o
                                                  build/bsp_driver_sd.o
HAL_SD_GetCardState                               build/stm32f4xx_hal_sd.o
                                                  build/bsp_driver_sd.o
HAL_SD_GetCardStatus                              build/stm32f4xx_hal_sd.o
HAL_SD_GetError                                   build/stm32f4xx_hal_sd.o
HAL_SD_GetState                                   build/stm32f4xx_hal_sd.o
HAL_SD_IRQHandler                                 build/stm32f4xx_hal_sd.o
                                                  build/stm32f4xx_it.o
                                                  build/bsp_driver_sd.o
HAL_SD_Init                                       build/stm32f4xx_hal_sd.o
                                                  build/bsp_driver_sd.o
HAL_SD_InitCard                                   build/stm32f4xx_hal_sd.o
HAL_SD_MspDeInit                                  build/sdio.o
                                                  build/stm32f4xx_hal_sd.o
HAL_SD_MspInit                                    build/sdio.o
                                                  build/stm32f4xx_hal_sd.o
HAL_SD_ReadBlocks                                 build/stm32f4xx_hal_sd.o
                                                  build/bsp_driver_sd.o
HAL_SD_ReadBlocks_DMA                             build/stm32f4xx_hal_sd.o
                                                  build/bsp_driver_sd.o
HAL_SD_ReadBlocks_IT                              build/stm32f4xx_hal_sd.o
HAL_SD_RxCpltCallback                             build/stm32f4xx_hal_sd.o
HAL_SD_TxCpltCallback                             build/stm32f4xx_hal_sd.o
HAL_SD_WriteBlocks                                build/stm32f4xx_hal_sd.o
                                                  build/bsp_driver_sd.o
HAL_SD_WriteBlocks_DMA                            build/stm32f4xx_hal_sd.o
                                                  build/bsp_driver_sd.o
HAL_SD_WriteBlocks_IT                             build/stm32f4xx_hal_sd.o
HAL_SYSTICK_CLKSourceConfig                       build/stm32f4xx_hal_cortex.o
                                                  build/main.o
HAL_SYSTICK_Callback                              build/stm32f4xx_hal_cortex.o
HAL_SYSTICK_Config                                build/stm32f4xx_hal_cortex.o
                                                  build/stm32f4xx_hal.o
                                                  build/main.o
HAL_SYSTICK_IRQHandler                            build/stm32f4xx_hal_cortex.o
                                                  build/stm32f4xx_it.o
HAL_SetTickFreq                                   build/stm32f4xx_hal.o
HAL_SuspendTick                                   build/stm32f4xx_hal.o
HAL_TIMEx_BreakCallback                           build/stm32f4xx_hal_tim_ex.o
                                                  build/stm32f4xx_hal_tim.o
HAL_TIMEx_CommutationCallback                     build/stm32f4xx_hal_tim_ex.o
                                                  build/stm32f4xx_hal_tim.o
HAL_TIMEx_ConfigBreakDeadTime                     build/stm32f4xx_hal_tim_ex.o
HAL_TIMEx_ConfigCommutationEvent                  build/stm32f4xx_hal_tim_ex.o
HAL_TIMEx_ConfigCommutationEvent_DMA              build/stm32f4xx_hal_tim_ex.o
HAL_TIMEx_ConfigCommutationEvent_IT               build/stm32f4xx_hal_tim_ex.o
HAL_TIMEx_HallSensor_DeInit                       build/stm32f4xx_hal_tim_ex.o
HAL_TIMEx_HallSensor_GetState                     build/stm32f4xx_hal_tim_ex.o
HAL_TIMEx_HallSensor_Init                         build/stm32f4xx_hal_tim_ex.o
HAL_TIMEx_HallSensor_MspDeInit                    build/stm32f4xx_hal_tim_ex.o
HAL_TIMEx_HallSensor_MspInit                      build/stm32f4xx_hal_tim_ex.o
HAL_TIMEx_HallSensor_Start                        build/stm32f4xx_hal_tim_ex.o